Archive member included to satisfy reference by file (symbol)

C:/ST/STM32CubeCLT_1.16.0/GNU-tools-for-STM32/bin/../lib/gcc/arm-none-eabi/12.3.1/thumb/v8-m.main+fp/hard\libgcc.a(_aeabi_uldivmod.o)
                              cmake/stm32cubemx/CMakeFiles/STM32_Drivers.dir/__/__/Drivers/STM32H5xx_HAL_Driver/Src/stm32h5xx_hal_uart.c.obj (__aeabi_uldivmod)
C:/ST/STM32CubeCLT_1.16.0/GNU-tools-for-STM32/bin/../lib/gcc/arm-none-eabi/12.3.1/thumb/v8-m.main+fp/hard\libgcc.a(_udivmoddi4.o)
                              C:/ST/STM32CubeCLT_1.16.0/GNU-tools-for-STM32/bin/../lib/gcc/arm-none-eabi/12.3.1/thumb/v8-m.main+fp/hard\libgcc.a(_aeabi_uldivmod.o) (__udivmoddi4)
C:/ST/STM32CubeCLT_1.16.0/GNU-tools-for-STM32/bin/../lib/gcc/arm-none-eabi/12.3.1/thumb/v8-m.main+fp/hard\libgcc.a(_dvmd_tls.o)
                              C:/ST/STM32CubeCLT_1.16.0/GNU-tools-for-STM32/bin/../lib/gcc/arm-none-eabi/12.3.1/thumb/v8-m.main+fp/hard\libgcc.a(_aeabi_uldivmod.o) (__aeabi_ldiv0)
C:/ST/STM32CubeCLT_1.16.0/GNU-tools-for-STM32/bin/../lib/gcc/arm-none-eabi/12.3.1/../../../../arm-none-eabi/lib/thumb/v8-m.main+fp/hard\libg_nano.a(libc_a-exit.o)
                              C:/ST/STM32CubeCLT_1.16.0/GNU-tools-for-STM32/bin/../lib/gcc/arm-none-eabi/12.3.1/../../../../arm-none-eabi/lib/thumb/v8-m.main+fp/hard/crt0.o (exit)
C:/ST/STM32CubeCLT_1.16.0/GNU-tools-for-STM32/bin/../lib/gcc/arm-none-eabi/12.3.1/../../../../arm-none-eabi/lib/thumb/v8-m.main+fp/hard\libg_nano.a(libc_a-findfp.o)
                              cmake/stm32cubemx/CMakeFiles/RTOS2.dir/__/__/Middlewares/Third_Party/FreeRTOS/Source/tasks.c.obj (__sf)
C:/ST/STM32CubeCLT_1.16.0/GNU-tools-for-STM32/bin/../lib/gcc/arm-none-eabi/12.3.1/../../../../arm-none-eabi/lib/thumb/v8-m.main+fp/hard\libg_nano.a(libc_a-fwalk.o)
                              C:/ST/STM32CubeCLT_1.16.0/GNU-tools-for-STM32/bin/../lib/gcc/arm-none-eabi/12.3.1/../../../../arm-none-eabi/lib/thumb/v8-m.main+fp/hard\libg_nano.a(libc_a-findfp.o) (_fwalk_sglue)
C:/ST/STM32CubeCLT_1.16.0/GNU-tools-for-STM32/bin/../lib/gcc/arm-none-eabi/12.3.1/../../../../arm-none-eabi/lib/thumb/v8-m.main+fp/hard\libg_nano.a(libc_a-stdio.o)
                              C:/ST/STM32CubeCLT_1.16.0/GNU-tools-for-STM32/bin/../lib/gcc/arm-none-eabi/12.3.1/../../../../arm-none-eabi/lib/thumb/v8-m.main+fp/hard\libg_nano.a(libc_a-findfp.o) (__sread)
C:/ST/STM32CubeCLT_1.16.0/GNU-tools-for-STM32/bin/../lib/gcc/arm-none-eabi/12.3.1/../../../../arm-none-eabi/lib/thumb/v8-m.main+fp/hard\libg_nano.a(libc_a-vsnprintf.o)
                              CMakeFiles/stm32nucleo_test.dir/Core/Src/usart.c.obj (vsnprintf)
C:/ST/STM32CubeCLT_1.16.0/GNU-tools-for-STM32/bin/../lib/gcc/arm-none-eabi/12.3.1/../../../../arm-none-eabi/lib/thumb/v8-m.main+fp/hard\libg_nano.a(libc_a-memset.o)
                              C:/ST/STM32CubeCLT_1.16.0/GNU-tools-for-STM32/bin/../lib/gcc/arm-none-eabi/12.3.1/../../../../arm-none-eabi/lib/thumb/v8-m.main+fp/hard/crt0.o (memset)
C:/ST/STM32CubeCLT_1.16.0/GNU-tools-for-STM32/bin/../lib/gcc/arm-none-eabi/12.3.1/../../../../arm-none-eabi/lib/thumb/v8-m.main+fp/hard\libg_nano.a(libc_a-strchr.o)
                              CMakeFiles/stm32nucleo_test.dir/Core/Src/cli.c.obj (strchr)
C:/ST/STM32CubeCLT_1.16.0/GNU-tools-for-STM32/bin/../lib/gcc/arm-none-eabi/12.3.1/../../../../arm-none-eabi/lib/thumb/v8-m.main+fp/hard\libg_nano.a(libc_a-strncmp.o)
                              CMakeFiles/stm32nucleo_test.dir/Core/Src/cli.c.obj (strncmp)
C:/ST/STM32CubeCLT_1.16.0/GNU-tools-for-STM32/bin/../lib/gcc/arm-none-eabi/12.3.1/../../../../arm-none-eabi/lib/thumb/v8-m.main+fp/hard\libg_nano.a(libc_a-strstr.o)
                              CMakeFiles/stm32nucleo_test.dir/Core/Src/cli.c.obj (strstr)
C:/ST/STM32CubeCLT_1.16.0/GNU-tools-for-STM32/bin/../lib/gcc/arm-none-eabi/12.3.1/../../../../arm-none-eabi/lib/thumb/v8-m.main+fp/hard\libg_nano.a(libc_a-closer.o)
                              C:/ST/STM32CubeCLT_1.16.0/GNU-tools-for-STM32/bin/../lib/gcc/arm-none-eabi/12.3.1/../../../../arm-none-eabi/lib/thumb/v8-m.main+fp/hard\libg_nano.a(libc_a-stdio.o) (_close_r)
C:/ST/STM32CubeCLT_1.16.0/GNU-tools-for-STM32/bin/../lib/gcc/arm-none-eabi/12.3.1/../../../../arm-none-eabi/lib/thumb/v8-m.main+fp/hard\libg_nano.a(libc_a-reent.o)
                              cmake/stm32cubemx/CMakeFiles/RTOS2.dir/__/__/Middlewares/Third_Party/FreeRTOS/Source/tasks.c.obj (_reclaim_reent)
C:/ST/STM32CubeCLT_1.16.0/GNU-tools-for-STM32/bin/../lib/gcc/arm-none-eabi/12.3.1/../../../../arm-none-eabi/lib/thumb/v8-m.main+fp/hard\libg_nano.a(libc_a-impure.o)
                              cmake/stm32cubemx/CMakeFiles/RTOS2.dir/__/__/Middlewares/Third_Party/FreeRTOS/Source/tasks.c.obj (_impure_ptr)
C:/ST/STM32CubeCLT_1.16.0/GNU-tools-for-STM32/bin/../lib/gcc/arm-none-eabi/12.3.1/../../../../arm-none-eabi/lib/thumb/v8-m.main+fp/hard\libg_nano.a(libc_a-lseekr.o)
[...]
Memory Configuration

Name             Origin             Length             Attributes
RAM              0x20000000         0x000a0000         xrw
FLASH            0x08000000         0x00200000         xr
*default*        0x00000000         0xffffffff

Linker script and memory map

LOAD C:/ST/STM32CubeCLT_1.16.0/GNU-tools-for-STM32/bin/../lib/gcc/arm-none-eabi/12.3.1/thumb/v8-m.main+fp/hard/crti.o
LOAD C:/ST/STM32CubeCLT_1.16.0/GNU-tools-for-STM32/bin/../lib/gcc/arm-none-eabi/12.3.1/thumb/v8-m.main+fp/hard/crtbegin.o
LOAD C:/ST/STM32CubeCLT_1.16.0/GNU-tools-for-STM32/bin/../lib/gcc/arm-none-eabi/12.3.1/../../../../arm-none-eabi/lib/thumb/v8-m.main+fp/hard/crt0.o
LOAD cmake/stm32cubemx/CMakeFiles/STM32_Drivers.dir/__/__/Core/Src/system_stm32h5xx.c.obj
LOAD cmake/stm32cubemx/CMakeFiles/STM32_Drivers.dir/__/__/Drivers/STM32H5xx_HAL_Driver/Src/stm32h5xx_hal_tim.c.obj
LOAD cmake/stm32cubemx/CMakeFiles/STM32_Drivers.dir/__/__/Drivers/STM32H5xx_HAL_Driver/Src/stm32h5xx_hal_tim_ex.c.obj
LOAD cmake/stm32cubemx/CMakeFiles/STM32_Drivers.dir/__/__/Drivers/STM32H5xx_HAL_Driver/Src/stm32h5xx_hal_cortex.c.obj
LOAD cmake/stm32cubemx/CMakeFiles/STM32_Drivers.dir/__/__/Drivers/STM32H5xx_HAL_Driver/Src/stm32h5xx_hal_icache.c.obj
LOAD cmake/stm32cubemx/CMakeFiles/STM32_Drivers.dir/__/__/Drivers/STM32H5xx_HAL_Driver/Src/stm32h5xx_hal_rcc.c.obj
LOAD cmake/stm32cubemx/CMakeFiles/STM32_Drivers.dir/__/__/Drivers/STM32H5xx_HAL_Driver/Src/stm32h5xx_hal_rcc_ex.c.obj
LOAD cmake/stm32cubemx/CMakeFiles/STM32_Drivers.dir/__/__/Drivers/STM32H5xx_HAL_Driver/Src/stm32h5xx_hal_flash.c.obj
LOAD cmake/stm32cubemx/CMakeFiles/STM32_Drivers.dir/__/__/Drivers/STM32H5xx_HAL_Driver/Src/stm32h5xx_hal_flash_ex.c.obj
LOAD cmake/stm32cubemx/CMakeFiles/STM32_Drivers.dir/__/__/Drivers/STM32H5xx_HAL_Driver/Src/stm32h5xx_hal_gpio.c.obj
LOAD cmake/stm32cubemx/CMakeFiles/STM32_Drivers.dir/__/__/Drivers/STM32H5xx_HAL_Driver/Src/stm32h5xx_hal_dma.c.obj
LOAD cmake/stm32cubemx/CMakeFiles/STM32_Drivers.dir/__/__/Drivers/STM32H5xx_HAL_Driver/Src/stm32h5xx_hal_dma_ex.c.obj
LOAD cmake/stm32cubemx/CMakeFiles/STM32_Drivers.dir/__/__/Drivers/STM32H5xx_HAL_Driver/Src/stm32h5xx_hal_pwr.c.obj
LOAD cmake/stm32cubemx/CMakeFiles/STM32_Drivers.dir/__/__/Drivers/STM32H5xx_HAL_Driver/Src/stm32h5xx_hal_pwr_ex.c.obj
LOAD cmake/stm32cubemx/CMakeFiles/STM32_Drivers.dir/__/__/Drivers/STM32H5xx_HAL_Driver/Src/stm32h5xx_hal.c.obj
LOAD cmake/stm32cubemx/CMakeFiles/STM32_Drivers.dir/__/__/Drivers/STM32H5xx_HAL_Driver/Src/stm32h5xx_hal_exti.c.obj
LOAD cmake/stm32cubemx/CMakeFiles/STM32_Drivers.dir/__/__/Drivers/STM32H5xx_HAL_Driver/Src/stm32h5xx_hal_uart.c.obj
LOAD cmake/stm32cubemx/CMakeFiles/STM32_Drivers.dir/__/__/Drivers/STM32H5xx_HAL_Driver/Src/stm32h5xx_hal_uart_ex.c.obj
LOAD cmake/stm32cubemx/CMakeFiles/RTOS2.dir/__/__/Middlewares/Third_Party/FreeRTOS/Source/portable/MemMang/heap_4.c.obj
LOAD cmake/stm32cubemx/CMakeFiles/RTOS2.dir/__/__/Middlewares/Third_Party/FreeRTOS/Source/croutine.c.obj
LOAD cmake/stm32cubemx/CMakeFiles/RTOS2.dir/__/__/Middlewares/Third_Party/FreeRTOS/Source/event_groups.c.obj
LOAD cmake/stm32cubemx/CMakeFiles/RTOS2.dir/__/__/Middlewares/Third_Party/FreeRTOS/Source/list.c.obj
LOAD cmake/stm32cubemx/CMakeFiles/RTOS2.dir/__/__/Middlewares/Third_Party/FreeRTOS/Source/queue.c.obj
LOAD cmake/stm32cubemx/CMakeFiles/RTOS2.dir/__/__/Middlewares/Third_Party/FreeRTOS/Source/stream_buffer.c.obj
LOAD cmake/stm32cubemx/CMakeFiles/RTOS2.dir/__/__/Middlewares/Third_Party/FreeRTOS/Source/tasks.c.obj
LOAD cmake/stm32cubemx/CMakeFiles/RTOS2.dir/__/__/Middlewares/Third_Party/FreeRTOS/Source/timers.c.obj
LOAD cmake/stm32cubemx/CMakeFiles/RTOS2.dir/__/__/Middlewares/Third_Party/FreeRTOS/Source/portable/GCC/ARM_CM33_NTZ/non_secure/port.c.obj
LOAD cmake/stm32cubemx/CMakeFiles/RTOS2.dir/__/__/Middlewares/Third_Party/FreeRTOS/Source/portable/GCC/ARM_CM33_NTZ/non_secure/portasm.c.obj
LOAD cmake/stm32cubemx/CMakeFiles/RTOS2.dir/__/__/Middlewares/Third_Party/FreeRTOS/Source/CMSIS_RTOS_V2/cmsis_os2.c.obj
LOAD CMakeFiles/stm32nucleo_test.dir/Core/Src/main.c.obj
LOAD CMakeFiles/stm32nucleo_test.dir/Core/Src/gpio.c.obj
LOAD CMakeFiles/stm32nucleo_test.dir/Core/Src/app_freertos.c.obj
LOAD CMakeFiles/stm32nucleo_test.dir/Core/Src/icache.c.obj
LOAD CMakeFiles/stm32nucleo_test.dir/Core/Src/usart.c.obj
LOAD CMakeFiles/stm32nucleo_test.dir/Core/Src/stm32h5xx_it.c.obj
LOAD CMakeFiles/stm32nucleo_test.dir/Core/Src/stm32h5xx_hal_msp.c.obj
LOAD CMakeFiles/stm32nucleo_test.dir/Core/Src/stm32h5xx_hal_timebase_tim.c.obj
LOAD CMakeFiles/stm32nucleo_test.dir/Core/Src/sysmem.c.obj
LOAD CMakeFiles/stm32nucleo_test.dir/Core/Src/syscalls.c.obj
LOAD CMakeFiles/stm32nucleo_test.dir/startup_stm32h563xx.s.obj
LOAD CMakeFiles/stm32nucleo_test.dir/Core/Src/cli.c.obj
LOAD C:/ST/STM32CubeCLT_1.16.0/GNU-tools-for-STM32/bin/../lib/gcc/arm-none-eabi/12.3.1/../../../../arm-none-eabi/lib/thumb/v8-m.main+fp/hard\libm.a
START GROUP
LOAD C:/ST/STM32CubeCLT_1.16.0/GNU-tools-for-STM32/bin/../lib/gcc/arm-none-eabi/12.3.1/thumb/v8-m.main+fp/hard\libgcc.a
LOAD C:/ST/STM32CubeCLT_1.16.0/GNU-tools-for-STM32/bin/../lib/gcc/arm-none-eabi/12.3.1/../../../../arm-none-eabi/lib/thumb/v8-m.main+fp/hard\libg_nano.a
LOAD C:/ST/STM32CubeCLT_1.16.0/GNU-tools-for-STM32/bin/../lib/gcc/arm-none-eabi/12.3.1/../../../../arm-none-eabi/lib/thumb/v8-m.main+fp/hard\libc_nano.a
END GROUP
START GROUP
LOAD C:/ST/STM32CubeCLT_1.16.0/GNU-tools-for-STM32/bin/../lib/gcc/arm-none-eabi/12.3.1/thumb/v8-m.main+fp/hard\libgcc.a
LOAD C:/ST/STM32CubeCLT_1.16.0/GNU-tools-for-STM32/bin/../lib/gcc/arm-none-eabi/12.3.1/../../../../arm-none-eabi/lib/thumb/v8-m.main+fp/hard\libc_nano.a
END GROUP
LOAD C:/ST/STM32CubeCLT_1.16.0/GNU-tools-for-STM32/bin/../lib/gcc/arm-none-eabi/12.3.1/thumb/v8-m.main+fp/hard/crtend.o
LOAD C:/ST/STM32CubeCLT_1.16.0/GNU-tools-for-STM32/bin/../lib/gcc/arm-none-eabi/12.3.1/thumb/v8-m.main+fp/hard/crtn.o
                0x200a0000                        _estack = (ORIGIN (RAM) + LENGTH (RAM))
                0x00000200                        _Min_Heap_Size = 0x200
                0x00000400                        _Min_Stack_Size = 0x400

.isr_vector     0x08000000      0x24c
                0x08000000                        . = ALIGN (0x4)
 *(.isr_vector)
 .isr_vector    0x08000000      0x24c CMakeFiles/stm32nucleo_test.dir/startup_stm32h563xx.s.obj
                0x08000000                g_pfnVectors
                0x0800024c                        . = ALIGN (0x4)

.text           0x08000250     0xf3fc
                0x08000250                        . = ALIGN (0x4)
 *(.text)
 .text          0x08000250       0x40 C:/ST/STM32CubeCLT_1.16.0/GNU-tools-for-STM32/bin/../lib/gcc/arm-none-eabi/12.3.1/thumb/v8-m.main+fp/hard/crtbegin.o
 .text          0x08000290       0x30 C:/ST/STM32CubeCLT_1.16.0/GNU-tools-for-STM32/bin/../lib/gcc/arm-none-eabi/12.3.1/thumb/v8-m.main+fp/hard\libgcc.a(_aeabi_uldivmod.o)
                0x08000290                __aeabi_uldivmod
 .text          0x080002c0      0x2e4 C:/ST/STM32CubeCLT_1.16.0/GNU-tools-for-STM32/bin/../lib/gcc/arm-none-eabi/12.3.1/thumb/v8-m.main+fp/hard\libgcc.a(_udivmoddi4.o)
                0x080002c0                __udivmoddi4
 .text          0x080005a4        0x4 C:/ST/STM32CubeCLT_1.16.0/GNU-tools-for-STM32/bin/../lib/gcc/arm-none-eabi/12.3.1/thumb/v8-m.main+fp/hard\libgcc.a(_dvmd_tls.o)
                0x080005a4                __aeabi_idiv0
                0x080005a4                __aeabi_ldiv0
 .text          0x080005a8       0x10 C:/ST/STM32CubeCLT_1.16.0/GNU-tools-for-STM32/bin/../lib/gcc/arm-none-eabi/12.3.1/../../../../arm-none-eabi/lib/thumb/v8-m.main+fp/hard\libg_nano.a(libc_a-strlen.o)
                0x080005a8                strlen
 *(.text*)
 .text.SystemInit
                0x080005b8       0xf8 cmake/stm32cubemx/CMakeFiles/STM32_Drivers.dir/__/__/Core/Src/system_stm32h5xx.c.obj
                0x080005b8                SystemInit
 .text.HAL_TIM_Base_Init
                0x080006b0       0xae cmake/stm32cubemx/CMakeFiles/STM32_Drivers.dir/__/__/Drivers/STM32H5xx_HAL_Driver/Src/stm32h5xx_hal_tim.c.obj
                0x080006b0                HAL_TIM_Base_Init
 .text.HAL_TIM_Base_MspInit
                0x0800075e       0x14 cmake/stm32cubemx/CMakeFiles/STM32_Drivers.dir/__/__/Drivers/STM32H5xx_HAL_Driver/Src/stm32h5xx_hal_tim.c.obj
                0x0800075e                HAL_TIM_Base_MspInit
 *fill*         0x08000772        0x2 
 .text.HAL_TIM_Base_Start_IT
                0x08000774      0x15c cmake/stm32cubemx/CMakeFiles/STM32_Drivers.dir/__/__/Drivers/STM32H5xx_HAL_Driver/Src/stm32h5xx_hal_tim.c.obj
                0x08000774                HAL_TIM_Base_Start_IT
 .text.HAL_TIM_IRQHandler
                0x080008d0      0x29e cmake/stm32cubemx/CMakeFiles/STM32_Drivers.dir/__/__/Drivers/STM32H5xx_HAL_Driver/Src/stm32h5xx_hal_tim.c.obj
                0x080008d0                HAL_TIM_IRQHandler
 .text.HAL_TIM_OC_DelayElapsedCallback
                0x08000b6e       0x14 cmake/stm32cubemx/CMakeFiles/STM32_Drivers.dir/__/__/Drivers/STM32H5xx_HAL_Driver/Src/stm32h5xx_hal_tim.c.obj
                0x08000b6e                HAL_TIM_OC_DelayElapsedCallback
 .text.HAL_TIM_IC_CaptureCallback
                0x08000b82       0x14 cmake/stm32cubemx/CMakeFiles/STM32_Drivers.dir/__/__/Drivers/STM32H5xx_HAL_Driver/Src/stm32h5xx_hal_tim.c.obj
                0x08000b82                HAL_TIM_IC_CaptureCallback
 .text.HAL_TIM_PWM_PulseFinishedCallback
                0x08000b96       0x14 cmake/stm32cubemx/CMakeFiles/STM32_Drivers.dir/__/__/Drivers/STM32H5xx_HAL_Driver/Src/stm32h5xx_hal_tim.c.obj
                0x08000b96                HAL_TIM_PWM_PulseFinishedCallback
 .text.HAL_TIM_TriggerCallback
                0x08000baa       0x14 cmake/stm32cubemx/CMakeFiles/STM32_Drivers.dir/__/__/Drivers/STM32H5xx_HAL_Driver/Src/stm32h5xx_hal_tim.c.obj
                0x08000baa                HAL_TIM_TriggerCallback
 *fill*         0x08000bbe        0x2 
 .text.TIM_Base_SetConfig
                0x08000bc0      0x254 cmake/stm32cubemx/CMakeFiles/STM32_Drivers.dir/__/__/Drivers/STM32H5xx_HAL_Driver/Src/stm32h5xx_hal_tim.c.obj
                0x08000bc0                TIM_Base_SetConfig
 .text.HAL_TIMEx_CommutCallback
                0x08000e14       0x14 cmake/stm32cubemx/CMakeFiles/STM32_Drivers.dir/__/__/Drivers/STM32H5xx_HAL_Driver/Src/stm32h5xx_hal_tim_ex.c.obj
                0x08000e14                HAL_TIMEx_CommutCallback
 .text.HAL_TIMEx_BreakCallback
                0x08000e28       0x14 cmake/stm32cubemx/CMakeFiles/STM32_Drivers.dir/__/__/Drivers/STM32H5xx_HAL_Driver/Src/stm32h5xx_hal_tim_ex.c.obj
                0x08000e28                HAL_TIMEx_BreakCallback
 .text.HAL_TIMEx_Break2Callback
                0x08000e3c       0x14 cmake/stm32cubemx/CMakeFiles/STM32_Drivers.dir/__/__/Drivers/STM32H5xx_HAL_Driver/Src/stm32h5xx_hal_tim_ex.c.obj
                0x08000e3c                HAL_TIMEx_Break2Callback
 .text.HAL_TIMEx_EncoderIndexCallback
                0x08000e50       0x14 cmake/stm32cubemx/CMakeFiles/STM32_Drivers.dir/__/__/Drivers/STM32H5xx_HAL_Driver/Src/stm32h5xx_hal_tim_ex.c.obj
                0x08000e50                HAL_TIMEx_EncoderIndexCallback
 .text.HAL_TIMEx_DirectionChangeCallback
                0x08000e64       0x14 cmake/stm32cubemx/CMakeFiles/STM32_Drivers.dir/__/__/Drivers/STM32H5xx_HAL_Driver/Src/stm32h5xx_hal_tim_ex.c.obj
                0x08000e64                HAL_TIMEx_DirectionChangeCallback
 .text.HAL_TIMEx_IndexErrorCallback
                0x08000e78       0x14 cmake/stm32cubemx/CMakeFiles/STM32_Drivers.dir/__/__/Drivers/STM32H5xx_HAL_Driver/Src/stm32h5xx_hal_tim_ex.c.obj
                0x08000e78                HAL_TIMEx_IndexErrorCallback
 .text.HAL_TIMEx_TransitionErrorCallback
                0x08000e8c       0x14 cmake/stm32cubemx/CMakeFiles/STM32_Drivers.dir/__/__/Drivers/STM32H5xx_HAL_Driver/Src/stm32h5xx_hal_tim_ex.c.obj
                0x08000e8c                HAL_TIMEx_TransitionErrorCallback
 .text.__NVIC_SetPriorityGrouping
                0x08000ea0       0x48 cmake/stm32cubemx/CMakeFiles/STM32_Drivers.dir/__/__/Drivers/STM32H5xx_HAL_Driver/Src/stm32h5xx_hal_cortex.c.obj
 .text.__NVIC_GetPriorityGrouping
                0x08000ee8       0x1c cmake/stm32cubemx/CMakeFiles/STM32_Drivers.dir/__/__/Drivers/STM32H5xx_HAL_Driver/Src/stm32h5xx_hal_cortex.c.obj
 .text.__NVIC_EnableIRQ
                0x08000f04       0x3c cmake/stm32cubemx/CMakeFiles/STM32_Drivers.dir/__/__/Drivers/STM32H5xx_HAL_Driver/Src/stm32h5xx_hal_cortex.c.obj
 .text.__NVIC_SetPriority
                0x08000f40       0x54 cmake/stm32cubemx/CMakeFiles/STM32_Drivers.dir/__/__/Drivers/STM32H5xx_HAL_Driver/Src/stm32h5xx_hal_cortex.c.obj
 .text.NVIC_EncodePriority
                0x08000f94       0x66 cmake/stm32cubemx/CMakeFiles/STM32_Drivers.dir/__/__/Drivers/STM32H5xx_HAL_Driver/Src/stm32h5xx_hal_cortex.c.obj
 .text.HAL_NVIC_SetPriorityGrouping
                0x08000ffa       0x16 cmake/stm32cubemx/CMakeFiles/STM32_Drivers.dir/__/__/Drivers/STM32H5xx_HAL_Driver/Src/stm32h5xx_hal_cortex.c.obj
                0x08000ffa                HAL_NVIC_SetPriorityGrouping
 .text.HAL_NVIC_SetPriority
                0x08001010       0x34 cmake/stm32cubemx/CMakeFiles/STM32_Drivers.dir/__/__/Drivers/STM32H5xx_HAL_Driver/Src/stm32h5xx_hal_cortex.c.obj
                0x08001010                HAL_NVIC_SetPriority
 .text.HAL_NVIC_EnableIRQ
                0x08001044       0x1c cmake/stm32cubemx/CMakeFiles/STM32_Drivers.dir/__/__/Drivers/STM32H5xx_HAL_Driver/Src/stm32h5xx_hal_cortex.c.obj
                0x08001044                HAL_NVIC_EnableIRQ
 .text.HAL_SYSTICK_CLKSourceConfig
                0x08001060       0xb0 cmake/stm32cubemx/CMakeFiles/STM32_Drivers.dir/__/__/Drivers/STM32H5xx_HAL_Driver/Src/stm32h5xx_hal_cortex.c.obj
                0x08001060                HAL_SYSTICK_CLKSourceConfig
 .text.HAL_ICACHE_ConfigAssociativityMode
                0x08001110       0x40 cmake/stm32cubemx/CMakeFiles/STM32_Drivers.dir/__/__/Drivers/STM32H5xx_HAL_Driver/Src/stm32h5xx_hal_icache.c.obj
                0x08001110                HAL_ICACHE_ConfigAssociativityMode
 .text.HAL_ICACHE_Enable
                0x08001150       0x20 cmake/stm32cubemx/CMakeFiles/STM32_Drivers.dir/__/__/Drivers/STM32H5xx_HAL_Driver/Src/stm32h5xx_hal_icache.c.obj
                0x08001150                HAL_ICACHE_Enable
 .text.HAL_RCC_OscConfig
                0x08001170      0x870 cmake/stm32cubemx/CMakeFiles/STM32_Drivers.dir/__/__/Drivers/STM32H5xx_HAL_Driver/Src/stm32h5xx_hal_rcc.c.obj
                0x08001170                HAL_RCC_OscConfig
 .text.HAL_RCC_ClockConfig
                0x080019e0      0x370 cmake/stm32cubemx/CMakeFiles/STM32_Drivers.dir/__/__/Drivers/STM32H5xx_HAL_Driver/Src/stm32h5xx_hal_rcc.c.obj
                0x080019e0                HAL_RCC_ClockConfig
 .text.HAL_RCC_GetSysClockFreq
                0x08001d50      0x258 cmake/stm32cubemx/CMakeFiles/STM32_Drivers.dir/__/__/Drivers/STM32H5xx_HAL_Driver/Src/stm32h5xx_hal_rcc.c.obj
                0x08001d50                HAL_RCC_GetSysClockFreq
 .text.HAL_RCC_GetHCLKFreq
                0x08001fa8       0x38 cmake/stm32cubemx/CMakeFiles/STM32_Drivers.dir/__/__/Drivers/STM32H5xx_HAL_Driver/Src/stm32h5xx_hal_rcc.c.obj
                0x08001fa8                HAL_RCC_GetHCLKFreq
 .text.HAL_RCC_GetPCLK1Freq
                0x08001fe0       0x2c cmake/stm32cubemx/CMakeFiles/STM32_Drivers.dir/__/__/Drivers/STM32H5xx_HAL_Driver/Src/stm32h5xx_hal_rcc.c.obj
                0x08001fe0                HAL_RCC_GetPCLK1Freq
 .text.HAL_RCC_GetPCLK2Freq
                0x0800200c       0x2c cmake/stm32cubemx/CMakeFiles/STM32_Drivers.dir/__/__/Drivers/STM32H5xx_HAL_Driver/Src/stm32h5xx_hal_rcc.c.obj
                0x0800200c                HAL_RCC_GetPCLK2Freq
 .text.HAL_RCC_GetPCLK3Freq
                0x08002038       0x2c cmake/stm32cubemx/CMakeFiles/STM32_Drivers.dir/__/__/Drivers/STM32H5xx_HAL_Driver/Src/stm32h5xx_hal_rcc.c.obj
                0x08002038                HAL_RCC_GetPCLK3Freq
 .text.HAL_RCC_GetClockConfig
                0x08002064       0x70 cmake/stm32cubemx/CMakeFiles/STM32_Drivers.dir/__/__/Drivers/STM32H5xx_HAL_Driver/Src/stm32h5xx_hal_rcc.c.obj
                0x08002064                HAL_RCC_GetClockConfig
 .text.HAL_RCCEx_PeriphCLKConfig
                0x080020d4     0x1f14 cmake/stm32cubemx/CMakeFiles/STM32_Drivers.dir/__/__/Drivers/STM32H5xx_HAL_Driver/Src/stm32h5xx_hal_rcc_ex.c.obj
                0x080020d4                HAL_RCCEx_PeriphCLKConfig
 .text.HAL_RCCEx_GetPLL1ClockFreq
                0x08003fe8      0x2d8 cmake/stm32cubemx/CMakeFiles/STM32_Drivers.dir/__/__/Drivers/STM32H5xx_HAL_Driver/Src/stm32h5xx_hal_rcc_ex.c.obj
                0x08003fe8                HAL_RCCEx_GetPLL1ClockFreq
 .text.HAL_RCCEx_GetPLL2ClockFreq
                0x080042c0      0x2d8 cmake/stm32cubemx/CMakeFiles/STM32_Drivers.dir/__/__/Drivers/STM32H5xx_HAL_Driver/Src/stm32h5xx_hal_rcc_ex.c.obj
                0x080042c0                HAL_RCCEx_GetPLL2ClockFreq
 .text.HAL_RCCEx_GetPLL3ClockFreq
                0x08004598      0x2d8 cmake/stm32cubemx/CMakeFiles/STM32_Drivers.dir/__/__/Drivers/STM32H5xx_HAL_Driver/Src/stm32h5xx_hal_rcc_ex.c.obj
                0x08004598                HAL_RCCEx_GetPLL3ClockFreq
 .text.HAL_RCCEx_GetPeriphCLKFreq
                0x08004870     0x26b4 cmake/stm32cubemx/CMakeFiles/STM32_Drivers.dir/__/__/Drivers/STM32H5xx_HAL_Driver/Src/stm32h5xx_hal_rcc_ex.c.obj
                0x08004870                HAL_RCCEx_GetPeriphCLKFreq
 .text.RCCEx_PLL2_Config
                0x08006f24      0x130 cmake/stm32cubemx/CMakeFiles/STM32_Drivers.dir/__/__/Drivers/STM32H5xx_HAL_Driver/Src/stm32h5xx_hal_rcc_ex.c.obj
 .text.RCCEx_PLL3_Config
                0x08007054      0x130 cmake/stm32cubemx/CMakeFiles/STM32_Drivers.dir/__/__/Drivers/STM32H5xx_HAL_Driver/Src/stm32h5xx_hal_rcc_ex.c.obj
 .text.HAL_GPIO_Init
                0x08007184      0x2bc cmake/stm32cubemx/CMakeFiles/STM32_Drivers.dir/__/__/Drivers/STM32H5xx_HAL_Driver/Src/stm32h5xx_hal_gpio.c.obj
                0x08007184                HAL_GPIO_Init
 .text.HAL_DMA_Start_IT
                0x08007440       0xcc cmake/stm32cubemx/CMakeFiles/STM32_Drivers.dir/__/__/Drivers/STM32H5xx_HAL_Driver/Src/stm32h5xx_hal_dma.c.obj
                0x08007440                HAL_DMA_Start_IT
 .text.HAL_DMA_Abort
                0x0800750c       0xf8 cmake/stm32cubemx/CMakeFiles/STM32_Drivers.dir/__/__/Drivers/STM32H5xx_HAL_Driver/Src/stm32h5xx_hal_dma.c.obj
                0x0800750c                HAL_DMA_Abort
 .text.HAL_DMA_Abort_IT
                0x08007604       0x52 cmake/stm32cubemx/CMakeFiles/STM32_Drivers.dir/__/__/Drivers/STM32H5xx_HAL_Driver/Src/stm32h5xx_hal_dma.c.obj
                0x08007604                HAL_DMA_Abort_IT
 .text.DMA_SetConfig
                0x08007656       0x4a cmake/stm32cubemx/CMakeFiles/STM32_Drivers.dir/__/__/Drivers/STM32H5xx_HAL_Driver/Src/stm32h5xx_hal_dma.c.obj
 .text.HAL_DMAEx_List_Start_IT
                0x080076a0      0x134 cmake/stm32cubemx/CMakeFiles/STM32_Drivers.dir/__/__/Drivers/STM32H5xx_HAL_Driver/Src/stm32h5xx_hal_dma_ex.c.obj
                0x080076a0                HAL_DMAEx_List_Start_IT
 .text.DMA_List_GetCLLRNodeInfo
                0x080077d4       0x60 cmake/stm32cubemx/CMakeFiles/STM32_Drivers.dir/__/__/Drivers/STM32H5xx_HAL_Driver/Src/stm32h5xx_hal_dma_ex.c.obj
 .text.HAL_Init
                0x08007834       0x50 cmake/stm32cubemx/CMakeFiles/STM32_Drivers.dir/__/__/Drivers/STM32H5xx_HAL_Driver/Src/stm32h5xx_hal.c.obj
                0x08007834                HAL_Init
 .text.HAL_IncTick
                0x08007884       0x28 cmake/stm32cubemx/CMakeFiles/STM32_Drivers.dir/__/__/Drivers/STM32H5xx_HAL_Driver/Src/stm32h5xx_hal.c.obj
                0x08007884                HAL_IncTick
 .text.HAL_GetTick
                0x080078ac       0x18 cmake/stm32cubemx/CMakeFiles/STM32_Drivers.dir/__/__/Drivers/STM32H5xx_HAL_Driver/Src/stm32h5xx_hal.c.obj
                0x080078ac                HAL_GetTick
 .text.HAL_UART_Init
                0x080078c4       0xa0 cmake/stm32cubemx/CMakeFiles/STM32_Drivers.dir/__/__/Drivers/STM32H5xx_HAL_Driver/Src/stm32h5xx_hal_uart.c.obj
                0x080078c4                HAL_UART_Init
 .text.HAL_UART_Transmit
                0x08007964      0x13c cmake/stm32cubemx/CMakeFiles/STM32_Drivers.dir/__/__/Drivers/STM32H5xx_HAL_Driver/Src/stm32h5xx_hal_uart.c.obj
                0x08007964                HAL_UART_Transmit
 .text.HAL_UART_Receive
                0x08007aa0      0x1ae cmake/stm32cubemx/CMakeFiles/STM32_Drivers.dir/__/__/Drivers/STM32H5xx_HAL_Driver/Src/stm32h5xx_hal_uart.c.obj
                0x08007aa0                HAL_UART_Receive
 *fill*         0x08007c4e        0x2 
 .text.HAL_UART_Transmit_IT
                0x08007c50      0x148 cmake/stm32cubemx/CMakeFiles/STM32_Drivers.dir/__/__/Drivers/STM32H5xx_HAL_Driver/Src/stm32h5xx_hal_uart.c.obj
                0x08007c50                HAL_UART_Transmit_IT
 .text.HAL_UART_Receive_IT
                0x08007d98       0xc4 cmake/stm32cubemx/CMakeFiles/STM32_Drivers.dir/__/__/Drivers/STM32H5xx_HAL_Driver/Src/stm32h5xx_hal_uart.c.obj
                0x08007d98                HAL_UART_Receive_IT
 .text.HAL_UART_Transmit_DMA
                0x08007e5c      0x190 cmake/stm32cubemx/CMakeFiles/STM32_Drivers.dir/__/__/Drivers/STM32H5xx_HAL_Driver/Src/stm32h5xx_hal_uart.c.obj
                0x08007e5c                HAL_UART_Transmit_DMA
 .text.HAL_UART_Receive_DMA
                0x08007fec       0xa4 cmake/stm32cubemx/CMakeFiles/STM32_Drivers.dir/__/__/Drivers/STM32H5xx_HAL_Driver/Src/stm32h5xx_hal_uart.c.obj
                0x08007fec                HAL_UART_Receive_DMA
 .text.HAL_UART_IRQHandler
                0x08008090      0x5dc cmake/stm32cubemx/CMakeFiles/STM32_Drivers.dir/__/__/Drivers/STM32H5xx_HAL_Driver/Src/stm32h5xx_hal_uart.c.obj
                0x08008090                HAL_UART_IRQHandler
 .text.HAL_UART_TxHalfCpltCallback
                0x0800866c       0x14 cmake/stm32cubemx/CMakeFiles/STM32_Drivers.dir/__/__/Drivers/STM32H5xx_HAL_Driver/Src/stm32h5xx_hal_uart.c.obj
                0x0800866c                HAL_UART_TxHalfCpltCallback
 .text.HAL_UART_RxHalfCpltCallback
                0x08008680       0x14 cmake/stm32cubemx/CMakeFiles/STM32_Drivers.dir/__/__/Drivers/STM32H5xx_HAL_Driver/Src/stm32h5xx_hal_uart.c.obj
                0x08008680                HAL_UART_RxHalfCpltCallback
 .text.HAL_UART_ErrorCallback
                0x08008694       0x14 cmake/stm32cubemx/CMakeFiles/STM32_Drivers.dir/__/__/Drivers/STM32H5xx_HAL_Driver/Src/stm32h5xx_hal_uart.c.obj
                0x08008694                HAL_UART_ErrorCallback
 .text.HAL_UARTEx_RxEventCallback
                0x080086a8       0x18 cmake/stm32cubemx/CMakeFiles/STM32_Drivers.dir/__/__/Drivers/STM32H5xx_HAL_Driver/Src/stm32h5xx_hal_uart.c.obj
                0x080086a8                HAL_UARTEx_RxEventCallback
 .text.UART_SetConfig
                0x080086c0      0x3dc cmake/stm32cubemx/CMakeFiles/STM32_Drivers.dir/__/__/Drivers/STM32H5xx_HAL_Driver/Src/stm32h5xx_hal_uart.c.obj
                0x080086c0                UART_SetConfig
 .text.UART_AdvFeatureConfig
                0x08008a9c      0x144 cmake/stm32cubemx/CMakeFiles/STM32_Drivers.dir/__/__/Drivers/STM32H5xx_HAL_Driver/Src/stm32h5xx_hal_uart.c.obj
                0x08008a9c                UART_AdvFeatureConfig
 .text.UART_CheckIdleState
                0x08008be0      0x154 cmake/stm32cubemx/CMakeFiles/STM32_Drivers.dir/__/__/Drivers/STM32H5xx_HAL_Driver/Src/stm32h5xx_hal_uart.c.obj
                0x08008be0                UART_CheckIdleState
 .text.UART_WaitOnFlagUntilTimeout
                0x08008d34       0xda cmake/stm32cubemx/CMakeFiles/STM32_Drivers.dir/__/__/Drivers/STM32H5xx_HAL_Driver/Src/stm32h5xx_hal_uart.c.obj
                0x08008d34                UART_WaitOnFlagUntilTimeout
 *fill*         0x08008e0e        0x2 
 .text.UART_Start_Receive_IT
                0x08008e10      0x244 cmake/stm32cubemx/CMakeFiles/STM32_Drivers.dir/__/__/Drivers/STM32H5xx_HAL_Driver/Src/stm32h5xx_hal_uart.c.obj
                0x08008e10                UART_Start_Receive_IT
 .text.UART_Start_Receive_DMA
                0x08009054      0x1f0 cmake/stm32cubemx/CMakeFiles/STM32_Drivers.dir/__/__/Drivers/STM32H5xx_HAL_Driver/Src/stm32h5xx_hal_uart.c.obj
                0x08009054                UART_Start_Receive_DMA
 .text.UART_EndTxTransfer
                0x08009244       0x82 cmake/stm32cubemx/CMakeFiles/STM32_Drivers.dir/__/__/Drivers/STM32H5xx_HAL_Driver/Src/stm32h5xx_hal_uart.c.obj
 .text.UART_EndRxTransfer
                0x080092c6       0xcc cmake/stm32cubemx/CMakeFiles/STM32_Drivers.dir/__/__/Drivers/STM32H5xx_HAL_Driver/Src/stm32h5xx_hal_uart.c.obj
 .text.UART_DMATransmitCplt
                0x08009392       0x60 cmake/stm32cubemx/CMakeFiles/STM32_Drivers.dir/__/__/Drivers/STM32H5xx_HAL_Driver/Src/stm32h5xx_hal_uart.c.obj
 .text.UART_DMATxHalfCplt
                0x080093f2       0x1c cmake/stm32cubemx/CMakeFiles/STM32_Drivers.dir/__/__/Drivers/STM32H5xx_HAL_Driver/Src/stm32h5xx_hal_uart.c.obj
 .text.UART_DMAReceiveCplt
                0x0800940e      0x128 cmake/stm32cubemx/CMakeFiles/STM32_Drivers.dir/__/__/Drivers/STM32H5xx_HAL_Driver/Src/stm32h5xx_hal_uart.c.obj
 .text.UART_DMARxHalfCplt
                0x08009536       0x72 cmake/stm32cubemx/CMakeFiles/STM32_Drivers.dir/__/__/Drivers/STM32H5xx_HAL_Driver/Src/stm32h5xx_hal_uart.c.obj
 .text.UART_DMAError
                0x080095a8       0x80 cmake/stm32cubemx/CMakeFiles/STM32_Drivers.dir/__/__/Drivers/STM32H5xx_HAL_Driver/Src/stm32h5xx_hal_uart.c.obj
 .text.UART_DMAAbortOnError
                0x08009628       0x24 cmake/stm32cubemx/CMakeFiles/STM32_Drivers.dir/__/__/Drivers/STM32H5xx_HAL_Driver/Src/stm32h5xx_hal_uart.c.obj
 .text.UART_TxISR_8BIT
                0x0800964c       0xb8 cmake/stm32cubemx/CMakeFiles/STM32_Drivers.dir/__/__/Drivers/STM32H5xx_HAL_Driver/Src/stm32h5xx_hal_uart.c.obj
 .text.UART_TxISR_16BIT
                0x08009704       0xc2 cmake/stm32cubemx/CMakeFiles/STM32_Drivers.dir/__/__/Drivers/STM32H5xx_HAL_Driver/Src/stm32h5xx_hal_uart.c.obj
 .text.UART_TxISR_8BIT_FIFOEN
                0x080097c6       0xe0 cmake/stm32cubemx/CMakeFiles/STM32_Drivers.dir/__/__/Drivers/STM32H5xx_HAL_Driver/Src/stm32h5xx_hal_uart.c.obj
 .text.UART_TxISR_16BIT_FIFOEN
                0x080098a6       0xea cmake/stm32cubemx/CMakeFiles/STM32_Drivers.dir/__/__/Drivers/STM32H5xx_HAL_Driver/Src/stm32h5xx_hal_uart.c.obj
 .text.UART_EndTransmit_IT
                0x08009990       0x56 cmake/stm32cubemx/CMakeFiles/STM32_Drivers.dir/__/__/Drivers/STM32H5xx_HAL_Driver/Src/stm32h5xx_hal_uart.c.obj
 *fill*         0x080099e6        0x2 
 .text.UART_RxISR_8BIT
                0x080099e8      0x1c4 cmake/stm32cubemx/CMakeFiles/STM32_Drivers.dir/__/__/Drivers/STM32H5xx_HAL_Driver/Src/stm32h5xx_hal_uart.c.obj
 .text.UART_RxISR_16BIT
                0x08009bac      0x1c4 cmake/stm32cubemx/CMakeFiles/STM32_Drivers.dir/__/__/Drivers/STM32H5xx_HAL_Driver/Src/stm32h5xx_hal_uart.c.obj
 .text.UART_RxISR_8BIT_FIFOEN
                0x08009d70      0x370 cmake/stm32cubemx/CMakeFiles/STM32_Drivers.dir/__/__/Drivers/STM32H5xx_HAL_Driver/Src/stm32h5xx_hal_uart.c.obj
 .text.UART_RxISR_16BIT_FIFOEN
                0x0800a0e0      0x378 cmake/stm32cubemx/CMakeFiles/STM32_Drivers.dir/__/__/Drivers/STM32H5xx_HAL_Driver/Src/stm32h5xx_hal_uart.c.obj
 .text.HAL_UARTEx_WakeupCallback
                0x0800a458       0x14 cmake/stm32cubemx/CMakeFiles/STM32_Drivers.dir/__/__/Drivers/STM32H5xx_HAL_Driver/Src/stm32h5xx_hal_uart_ex.c.obj
                0x0800a458                HAL_UARTEx_WakeupCallback
 .text.HAL_UARTEx_RxFifoFullCallback
                0x0800a46c       0x14 cmake/stm32cubemx/CMakeFiles/STM32_Drivers.dir/__/__/Drivers/STM32H5xx_HAL_Driver/Src/stm32h5xx_hal_uart_ex.c.obj
                0x0800a46c                HAL_UARTEx_RxFifoFullCallback
 .text.HAL_UARTEx_TxFifoEmptyCallback
                0x0800a480       0x14 cmake/stm32cubemx/CMakeFiles/STM32_Drivers.dir/__/__/Drivers/STM32H5xx_HAL_Driver/Src/stm32h5xx_hal_uart_ex.c.obj
                0x0800a480                HAL_UARTEx_TxFifoEmptyCallback
 .text.HAL_UARTEx_DisableFifoMode
                0x0800a494       0x72 cmake/stm32cubemx/CMakeFiles/STM32_Drivers.dir/__/__/Drivers/STM32H5xx_HAL_Driver/Src/stm32h5xx_hal_uart_ex.c.obj
                0x0800a494                HAL_UARTEx_DisableFifoMode
 .text.HAL_UARTEx_SetTxFifoThreshold
                0x0800a506       0x7c cmake/stm32cubemx/CMakeFiles/STM32_Drivers.dir/__/__/Drivers/STM32H5xx_HAL_Driver/Src/stm32h5xx_hal_uart_ex.c.obj
                0x0800a506                HAL_UARTEx_SetTxFifoThreshold
 .text.HAL_UARTEx_SetRxFifoThreshold
                0x0800a582       0x7c cmake/stm32cubemx/CMakeFiles/STM32_Drivers.dir/__/__/Drivers/STM32H5xx_HAL_Driver/Src/stm32h5xx_hal_uart_ex.c.obj
                0x0800a582                HAL_UARTEx_SetRxFifoThreshold
 *fill*         0x0800a5fe        0x2 
 .text.UARTEx_SetNbDataToProcess
                0x0800a600       0x9c cmake/stm32cubemx/CMakeFiles/STM32_Drivers.dir/__/__/Drivers/STM32H5xx_HAL_Driver/Src/stm32h5xx_hal_uart_ex.c.obj
 .text.pvPortMalloc
                0x0800a69c      0x178 cmake/stm32cubemx/CMakeFiles/RTOS2.dir/__/__/Middlewares/Third_Party/FreeRTOS/Source/portable/MemMang/heap_4.c.obj
                0x0800a69c                pvPortMalloc
 .text.vPortFree
                0x0800a814       0x9c cmake/stm32cubemx/CMakeFiles/RTOS2.dir/__/__/Middlewares/Third_Party/FreeRTOS/Source/portable/MemMang/heap_4.c.obj
                0x0800a814                vPortFree
 .text.prvHeapInit
                0x0800a8b0       0xb8 cmake/stm32cubemx/CMakeFiles/RTOS2.dir/__/__/Middlewares/Third_Party/FreeRTOS/Source/portable/MemMang/heap_4.c.obj
 .text.prvInsertBlockIntoFreeList
                0x0800a968       0xb4 cmake/stm32cubemx/CMakeFiles/RTOS2.dir/__/__/Middlewares/Third_Party/FreeRTOS/Source/portable/MemMang/heap_4.c.obj
 .text.vListInitialise
                0x0800aa1c       0x40 cmake/stm32cubemx/CMakeFiles/RTOS2.dir/__/__/Middlewares/Third_Party/FreeRTOS/Source/list.c.obj
                0x0800aa1c                vListInitialise
 .text.vListInitialiseItem
                0x0800aa5c       0x1a cmake/stm32cubemx/CMakeFiles/RTOS2.dir/__/__/Middlewares/Third_Party/FreeRTOS/Source/list.c.obj
                0x0800aa5c                vListInitialiseItem
 .text.vListInsert
                0x0800aa76       0x72 cmake/stm32cubemx/CMakeFiles/RTOS2.dir/__/__/Middlewares/Third_Party/FreeRTOS/Source/list.c.obj
                0x0800aa76                vListInsert
 .text.uxListRemove
                0x0800aae8       0x54 cmake/stm32cubemx/CMakeFiles/RTOS2.dir/__/__/Middlewares/Third_Party/FreeRTOS/Source/list.c.obj
                0x0800aae8                uxListRemove
 .text.xQueueGenericReset
                0x0800ab3c       0xf2 cmake/stm32cubemx/CMakeFiles/RTOS2.dir/__/__/Middlewares/Third_Party/FreeRTOS/Source/queue.c.obj
                0x0800ab3c                xQueueGenericReset
 .text.xQueueGenericCreateStatic
                0x0800ac2e       0x92 cmake/stm32cubemx/CMakeFiles/RTOS2.dir/__/__/Middlewares/Third_Party/FreeRTOS/Source/queue.c.obj
                0x0800ac2e                xQueueGenericCreateStatic
 .text.xQueueGenericCreate
                0x0800acc0       0x96 cmake/stm32cubemx/CMakeFiles/RTOS2.dir/__/__/Middlewares/Third_Party/FreeRTOS/Source/queue.c.obj
                0x0800acc0                xQueueGenericCreate
 .text.prvInitialiseNewQueue
                0x0800ad56       0x46 cmake/stm32cubemx/CMakeFiles/RTOS2.dir/__/__/Middlewares/Third_Party/FreeRTOS/Source/queue.c.obj
 .text.xQueueCreateCountingSemaphoreStatic
                0x0800ad9c       0x56 cmake/stm32cubemx/CMakeFiles/RTOS2.dir/__/__/Middlewares/Third_Party/FreeRTOS/Source/queue.c.obj
                0x0800ad9c                xQueueCreateCountingSemaphoreStatic
 .text.xQueueCreateCountingSemaphore
                0x0800adf2       0x4e cmake/stm32cubemx/CMakeFiles/RTOS2.dir/__/__/Middlewares/Third_Party/FreeRTOS/Source/queue.c.obj
                0x0800adf2                xQueueCreateCountingSemaphore
 .text.xQueueGenericSend
                0x0800ae40      0x19a cmake/stm32cubemx/CMakeFiles/RTOS2.dir/__/__/Middlewares/Third_Party/FreeRTOS/Source/queue.c.obj
                0x0800ae40                xQueueGenericSend
 .text.xQueueGiveFromISR
                0x0800afda       0xf0 cmake/stm32cubemx/CMakeFiles/RTOS2.dir/__/__/Middlewares/Third_Party/FreeRTOS/Source/queue.c.obj
                0x0800afda                xQueueGiveFromISR
 .text.xQueueReceive
                0x0800b0ca      0x178 cmake/stm32cubemx/CMakeFiles/RTOS2.dir/__/__/Middlewares/Third_Party/FreeRTOS/Source/queue.c.obj
                0x0800b0ca                xQueueReceive
 .text.xQueueSemaphoreTake
                0x0800b242      0x1b4 cmake/stm32cubemx/CMakeFiles/RTOS2.dir/__/__/Middlewares/Third_Party/FreeRTOS/Source/queue.c.obj
                0x0800b242                xQueueSemaphoreTake
 .text.xQueueReceiveFromISR
                0x0800b3f6       0xe4 cmake/stm32cubemx/CMakeFiles/RTOS2.dir/__/__/Middlewares/Third_Party/FreeRTOS/Source/queue.c.obj
                0x0800b3f6                xQueueReceiveFromISR
 .text.vQueueDelete
                0x0800b4da       0x38 cmake/stm32cubemx/CMakeFiles/RTOS2.dir/__/__/Middlewares/Third_Party/FreeRTOS/Source/queue.c.obj
                0x0800b4da                vQueueDelete
 .text.prvGetDisinheritPriorityAfterTimeout
                0x0800b512       0x30 cmake/stm32cubemx/CMakeFiles/RTOS2.dir/__/__/Middlewares/Third_Party/FreeRTOS/Source/queue.c.obj
 .text.prvCopyDataToQueue
                0x0800b542       0xd4 cmake/stm32cubemx/CMakeFiles/RTOS2.dir/__/__/Middlewares/Third_Party/FreeRTOS/Source/queue.c.obj
 .text.prvCopyDataFromQueue
                0x0800b616       0x4c cmake/stm32cubemx/CMakeFiles/RTOS2.dir/__/__/Middlewares/Third_Party/FreeRTOS/Source/queue.c.obj
 .text.prvUnlockQueue
                0x0800b662       0xa4 cmake/stm32cubemx/CMakeFiles/RTOS2.dir/__/__/Middlewares/Third_Party/FreeRTOS/Source/queue.c.obj
 .text.prvIsQueueEmpty
                0x0800b706       0x2c cmake/stm32cubemx/CMakeFiles/RTOS2.dir/__/__/Middlewares/Third_Party/FreeRTOS/Source/queue.c.obj
 .text.prvIsQueueFull
                0x0800b732       0x30 cmake/stm32cubemx/CMakeFiles/RTOS2.dir/__/__/Middlewares/Third_Party/FreeRTOS/Source/queue.c.obj
 *fill*         0x0800b762        0x2 
 .text.vQueueAddToRegistry
                0x0800b764       0x8c cmake/stm32cubemx/CMakeFiles/RTOS2.dir/__/__/Middlewares/Third_Party/FreeRTOS/Source/queue.c.obj
                0x0800b764                vQueueAddToRegistry
 .text.vQueueUnregisterQueue
                0x0800b7f0       0x60 cmake/stm32cubemx/CMakeFiles/RTOS2.dir/__/__/Middlewares/Third_Party/FreeRTOS/Source/queue.c.obj
                0x0800b7f0                vQueueUnregisterQueue
 .text.vQueueWaitForMessageRestricted
                0x0800b850       0x68 cmake/stm32cubemx/CMakeFiles/RTOS2.dir/__/__/Middlewares/Third_Party/FreeRTOS/Source/queue.c.obj
                0x0800b850                vQueueWaitForMessageRestricted
 .text.xTaskCreateStatic
                0x0800b8b8       0xa0 cmake/stm32cubemx/CMakeFiles/RTOS2.dir/__/__/Middlewares/Third_Party/FreeRTOS/Source/tasks.c.obj
                0x0800b8b8                xTaskCreateStatic
 .text.xTaskCreate
                0x0800b958       0x98 cmake/stm32cubemx/CMakeFiles/RTOS2.dir/__/__/Middlewares/Third_Party/FreeRTOS/Source/tasks.c.obj
                0x0800b958                xTaskCreate
 .text.prvInitialiseNewTask
                0x0800b9f0      0x184 cmake/stm32cubemx/CMakeFiles/RTOS2.dir/__/__/Middlewares/Third_Party/FreeRTOS/Source/tasks.c.obj
 .text.prvAddNewTaskToReadyList
                0x0800bb74      0x120 cmake/stm32cubemx/CMakeFiles/RTOS2.dir/__/__/Middlewares/Third_Party/FreeRTOS/Source/tasks.c.obj
 .text.vTaskDelay
                0x0800bc94       0x4c cmake/stm32cubemx/CMakeFiles/RTOS2.dir/__/__/Middlewares/Third_Party/FreeRTOS/Source/tasks.c.obj
                0x0800bc94                vTaskDelay
 .text.vTaskStartScheduler
                0x0800bce0       0xc8 cmake/stm32cubemx/CMakeFiles/RTOS2.dir/__/__/Middlewares/Third_Party/FreeRTOS/Source/tasks.c.obj
                0x0800bce0                vTaskStartScheduler
 .text.vTaskSuspendAll
                0x0800bda8       0x1c cmake/stm32cubemx/CMakeFiles/RTOS2.dir/__/__/Middlewares/Third_Party/FreeRTOS/Source/tasks.c.obj
                0x0800bda8                vTaskSuspendAll
 .text.xTaskResumeAll
                0x0800bdc4      0x1dc cmake/stm32cubemx/CMakeFiles/RTOS2.dir/__/__/Middlewares/Third_Party/FreeRTOS/Source/tasks.c.obj
                0x0800bdc4                xTaskResumeAll
 .text.xTaskGetTickCount
                0x0800bfa0       0x20 cmake/stm32cubemx/CMakeFiles/RTOS2.dir/__/__/Middlewares/Third_Party/FreeRTOS/Source/tasks.c.obj
                0x0800bfa0                xTaskGetTickCount
 .text.uxTaskGetNumberOfTasks
                0x0800bfc0       0x18 cmake/stm32cubemx/CMakeFiles/RTOS2.dir/__/__/Middlewares/Third_Party/FreeRTOS/Source/tasks.c.obj
                0x0800bfc0                uxTaskGetNumberOfTasks
 .text.xTaskIncrementTick
                0x0800bfd8      0x220 cmake/stm32cubemx/CMakeFiles/RTOS2.dir/__/__/Middlewares/Third_Party/FreeRTOS/Source/tasks.c.obj
                0x0800bfd8                xTaskIncrementTick
 .text.vTaskSwitchContext
                0x0800c1f8       0xb4 cmake/stm32cubemx/CMakeFiles/RTOS2.dir/__/__/Middlewares/Third_Party/FreeRTOS/Source/tasks.c.obj
                0x0800c1f8                vTaskSwitchContext
 .text.vTaskPlaceOnEventList
                0x0800c2ac       0x3c cmake/stm32cubemx/CMakeFiles/RTOS2.dir/__/__/Middlewares/Third_Party/FreeRTOS/Source/tasks.c.obj
                0x0800c2ac                vTaskPlaceOnEventList
 .text.vTaskPlaceOnEventListRestricted
                0x0800c2e8       0x7c cmake/stm32cubemx/CMakeFiles/RTOS2.dir/__/__/Middlewares/Third_Party/FreeRTOS/Source/tasks.c.obj
                0x0800c2e8                vTaskPlaceOnEventListRestricted
 .text.xTaskRemoveFromEventList
                0x0800c364      0x19c cmake/stm32cubemx/CMakeFiles/RTOS2.dir/__/__/Middlewares/Third_Party/FreeRTOS/Source/tasks.c.obj
                0x0800c364                xTaskRemoveFromEventList
 .text.vTaskInternalSetTimeOutState
                0x0800c500       0x2c cmake/stm32cubemx/CMakeFiles/RTOS2.dir/__/__/Middlewares/Third_Party/FreeRTOS/Source/tasks.c.obj
                0x0800c500                vTaskInternalSetTimeOutState
 .text.xTaskCheckForTimeOut
                0x0800c52c       0xb0 cmake/stm32cubemx/CMakeFiles/RTOS2.dir/__/__/Middlewares/Third_Party/FreeRTOS/Source/tasks.c.obj
                0x0800c52c                xTaskCheckForTimeOut
 .text.vTaskMissedYield
                0x0800c5dc       0x18 cmake/stm32cubemx/CMakeFiles/RTOS2.dir/__/__/Middlewares/Third_Party/FreeRTOS/Source/tasks.c.obj
                0x0800c5dc                vTaskMissedYield
 .text.prvIdleTask
                0x0800c5f4       0x20 cmake/stm32cubemx/CMakeFiles/RTOS2.dir/__/__/Middlewares/Third_Party/FreeRTOS/Source/tasks.c.obj
 .text.prvInitialiseTaskLists
                0x0800c614       0x80 cmake/stm32cubemx/CMakeFiles/RTOS2.dir/__/__/Middlewares/Third_Party/FreeRTOS/Source/tasks.c.obj
 .text.prvCheckTasksWaitingTermination
                0x0800c694       0x5c cmake/stm32cubemx/CMakeFiles/RTOS2.dir/__/__/Middlewares/Third_Party/FreeRTOS/Source/tasks.c.obj
 .text.prvDeleteTCB
                0x0800c6f0       0x60 cmake/stm32cubemx/CMakeFiles/RTOS2.dir/__/__/Middlewares/Third_Party/FreeRTOS/Source/tasks.c.obj
 .text.prvResetNextTaskUnblockTime
                0x0800c750       0x38 cmake/stm32cubemx/CMakeFiles/RTOS2.dir/__/__/Middlewares/Third_Party/FreeRTOS/Source/tasks.c.obj
 .text.xTaskGetSchedulerState
                0x0800c788       0x3c cmake/stm32cubemx/CMakeFiles/RTOS2.dir/__/__/Middlewares/Third_Party/FreeRTOS/Source/tasks.c.obj
                0x0800c788                xTaskGetSchedulerState
 .text.xTaskPriorityInherit
                0x0800c7c4      0x120 cmake/stm32cubemx/CMakeFiles/RTOS2.dir/__/__/Middlewares/Third_Party/FreeRTOS/Source/tasks.c.obj
                0x0800c7c4                xTaskPriorityInherit
 .text.xTaskPriorityDisinherit
                0x0800c8e4      0x110 cmake/stm32cubemx/CMakeFiles/RTOS2.dir/__/__/Middlewares/Third_Party/FreeRTOS/Source/tasks.c.obj
                0x0800c8e4                xTaskPriorityDisinherit
 .text.vTaskPriorityDisinheritAfterTimeout
                0x0800c9f4      0x138 cmake/stm32cubemx/CMakeFiles/RTOS2.dir/__/__/Middlewares/Third_Party/FreeRTOS/Source/tasks.c.obj
                0x0800c9f4                vTaskPriorityDisinheritAfterTimeout
 .text.pvTaskIncrementMutexHeldCount
                0x0800cb2c       0x28 cmake/stm32cubemx/CMakeFiles/RTOS2.dir/__/__/Middlewares/Third_Party/FreeRTOS/Source/tasks.c.obj
                0x0800cb2c                pvTaskIncrementMutexHeldCount
 .text.prvAddCurrentTaskToDelayedList
                0x0800cb54       0xdc cmake/stm32cubemx/CMakeFiles/RTOS2.dir/__/__/Middlewares/Third_Party/FreeRTOS/Source/tasks.c.obj
 .text.xTimerCreateTimerTask
                0x0800cc30       0x80 cmake/stm32cubemx/CMakeFiles/RTOS2.dir/__/__/Middlewares/Third_Party/FreeRTOS/Source/timers.c.obj
                0x0800cc30                xTimerCreateTimerTask
 .text.prvReloadTimer
                0x0800ccb0       0x42 cmake/stm32cubemx/CMakeFiles/RTOS2.dir/__/__/Middlewares/Third_Party/FreeRTOS/Source/timers.c.obj
 *fill*         0x0800ccf2        0x2 
 .text.prvProcessExpiredTimer
                0x0800ccf4       0x60 cmake/stm32cubemx/CMakeFiles/RTOS2.dir/__/__/Middlewares/Third_Party/FreeRTOS/Source/timers.c.obj
 .text.prvTimerTask
                0x0800cd54       0x26 cmake/stm32cubemx/CMakeFiles/RTOS2.dir/__/__/Middlewares/Third_Party/FreeRTOS/Source/timers.c.obj
 *fill*         0x0800cd7a        0x2 
 .text.prvProcessTimerOrBlockTask
                0x0800cd7c       0x8c cmake/stm32cubemx/CMakeFiles/RTOS2.dir/__/__/Middlewares/Third_Party/FreeRTOS/Source/timers.c.obj
 .text.prvGetNextExpireTime
                0x0800ce08       0x48 cmake/stm32cubemx/CMakeFiles/RTOS2.dir/__/__/Middlewares/Third_Party/FreeRTOS/Source/timers.c.obj
 .text.prvSampleTimeNow
                0x0800ce50       0x40 cmake/stm32cubemx/CMakeFiles/RTOS2.dir/__/__/Middlewares/Third_Party/FreeRTOS/Source/timers.c.obj
 .text.prvInsertTimerInActiveList
                0x0800ce90       0x84 cmake/stm32cubemx/CMakeFiles/RTOS2.dir/__/__/Middlewares/Third_Party/FreeRTOS/Source/timers.c.obj
 .text.prvProcessReceivedCommands
                0x0800cf14      0x19c cmake/stm32cubemx/CMakeFiles/RTOS2.dir/__/__/Middlewares/Third_Party/FreeRTOS/Source/timers.c.obj
 .text.prvSwitchTimerLists
                0x0800d0b0       0x4c cmake/stm32cubemx/CMakeFiles/RTOS2.dir/__/__/Middlewares/Third_Party/FreeRTOS/Source/timers.c.obj
 .text.prvCheckForValidListAndQueue
                0x0800d0fc       0x80 cmake/stm32cubemx/CMakeFiles/RTOS2.dir/__/__/Middlewares/Third_Party/FreeRTOS/Source/timers.c.obj
 .text.vPortSetupTimerInterrupt
                0x0800d17c       0x48 cmake/stm32cubemx/CMakeFiles/RTOS2.dir/__/__/Middlewares/Third_Party/FreeRTOS/Source/portable/GCC/ARM_CM33_NTZ/non_secure/port.c.obj
                0x0800d17c                vPortSetupTimerInterrupt
 .text.prvTaskExitError
                0x0800d1c4       0x38 cmake/stm32cubemx/CMakeFiles/RTOS2.dir/__/__/Middlewares/Third_Party/FreeRTOS/Source/portable/GCC/ARM_CM33_NTZ/non_secure/port.c.obj
 .text.vPortYield
                0x0800d1fc       0x24 cmake/stm32cubemx/CMakeFiles/RTOS2.dir/__/__/Middlewares/Third_Party/FreeRTOS/Source/portable/GCC/ARM_CM33_NTZ/non_secure/port.c.obj
                0x0800d1fc                vPortYield
 .text.vPortEnterCritical
                0x0800d220       0x24 cmake/stm32cubemx/CMakeFiles/RTOS2.dir/__/__/Middlewares/Third_Party/FreeRTOS/Source/portable/GCC/ARM_CM33_NTZ/non_secure/port.c.obj
                0x0800d220                vPortEnterCritical
 .text.vPortExitCritical
                0x0800d244       0x34 cmake/stm32cubemx/CMakeFiles/RTOS2.dir/__/__/Middlewares/Third_Party/FreeRTOS/Source/portable/GCC/ARM_CM33_NTZ/non_secure/port.c.obj
                0x0800d244                vPortExitCritical
 .text.xPortSysTickHandler
                0x0800d278       0x30 cmake/stm32cubemx/CMakeFiles/RTOS2.dir/__/__/Middlewares/Third_Party/FreeRTOS/Source/portable/GCC/ARM_CM33_NTZ/non_secure/port.c.obj
                0x0800d278                xPortSysTickHandler
 .text.vPortSVCHandler_C
                0x0800d2a8       0x32 cmake/stm32cubemx/CMakeFiles/RTOS2.dir/__/__/Middlewares/Third_Party/FreeRTOS/Source/portable/GCC/ARM_CM33_NTZ/non_secure/port.c.obj
                0x0800d2a8                vPortSVCHandler_C
 *fill*         0x0800d2da        0x2 
 .text.pxPortInitialiseStack
                0x0800d2dc      0x114 cmake/stm32cubemx/CMakeFiles/RTOS2.dir/__/__/Middlewares/Third_Party/FreeRTOS/Source/portable/GCC/ARM_CM33_NTZ/non_secure/port.c.obj
                0x0800d2dc                pxPortInitialiseStack
 .text.xPortStartScheduler
                0x0800d3f0       0xf4 cmake/stm32cubemx/CMakeFiles/RTOS2.dir/__/__/Middlewares/Third_Party/FreeRTOS/Source/portable/GCC/ARM_CM33_NTZ/non_secure/port.c.obj
                0x0800d3f0                xPortStartScheduler
 .text.vPortValidateInterruptPriority
                0x0800d4e4       0x60 cmake/stm32cubemx/CMakeFiles/RTOS2.dir/__/__/Middlewares/Third_Party/FreeRTOS/Source/portable/GCC/ARM_CM33_NTZ/non_secure/port.c.obj
                0x0800d4e4                vPortValidateInterruptPriority
 *fill*         0x0800d544        0xc 
 .text.vRestoreContextOfFirstTask
                0x0800d550       0x38 cmake/stm32cubemx/CMakeFiles/RTOS2.dir/__/__/Middlewares/Third_Party/FreeRTOS/Source/portable/GCC/ARM_CM33_NTZ/non_secure/portasm.c.obj
                0x0800d550                vRestoreContextOfFirstTask
 *fill*         0x0800d588        0x8 
 .text.vStartFirstTask
                0x0800d590       0x28 cmake/stm32cubemx/CMakeFiles/RTOS2.dir/__/__/Middlewares/Third_Party/FreeRTOS/Source/portable/GCC/ARM_CM33_NTZ/non_secure/portasm.c.obj
                0x0800d590                vStartFirstTask
 .text.ulSetInterruptMask
                0x0800d5b8       0x1a cmake/stm32cubemx/CMakeFiles/RTOS2.dir/__/__/Middlewares/Third_Party/FreeRTOS/Source/portable/GCC/ARM_CM33_NTZ/non_secure/portasm.c.obj
                0x0800d5b8                ulSetInterruptMask
 .text.vClearInterruptMask
                0x0800d5d2       0x10 cmake/stm32cubemx/CMakeFiles/RTOS2.dir/__/__/Middlewares/Third_Party/FreeRTOS/Source/portable/GCC/ARM_CM33_NTZ/non_secure/portasm.c.obj
                0x0800d5d2                vClearInterruptMask
 *fill*         0x0800d5e2        0xe 
 .text.PendSV_Handler
                0x0800d5f0       0x58 cmake/stm32cubemx/CMakeFiles/RTOS2.dir/__/__/Middlewares/Third_Party/FreeRTOS/Source/portable/GCC/ARM_CM33_NTZ/non_secure/portasm.c.obj
                0x0800d5f0                PendSV_Handler
 *fill*         0x0800d648        0x8 
 .text.SVC_Handler
                0x0800d650       0x28 cmake/stm32cubemx/CMakeFiles/RTOS2.dir/__/__/Middlewares/Third_Party/FreeRTOS/Source/portable/GCC/ARM_CM33_NTZ/non_secure/portasm.c.obj
                0x0800d650                SVC_Handler
 .text.__NVIC_SetPriority
                0x0800d678       0x54 cmake/stm32cubemx/CMakeFiles/RTOS2.dir/__/__/Middlewares/Third_Party/FreeRTOS/Source/CMSIS_RTOS_V2/cmsis_os2.c.obj
 .text.SysTick_Handler
                0x0800d6cc       0x20 cmake/stm32cubemx/CMakeFiles/RTOS2.dir/__/__/Middlewares/Third_Party/FreeRTOS/Source/CMSIS_RTOS_V2/cmsis_os2.c.obj
                0x0800d6cc                SysTick_Handler
 .text.SVC_Setup
                0x0800d6ec       0x12 cmake/stm32cubemx/CMakeFiles/RTOS2.dir/__/__/Middlewares/Third_Party/FreeRTOS/Source/CMSIS_RTOS_V2/cmsis_os2.c.obj
 .text.IRQ_Context
                0x0800d6fe       0x4e cmake/stm32cubemx/CMakeFiles/RTOS2.dir/__/__/Middlewares/Third_Party/FreeRTOS/Source/CMSIS_RTOS_V2/cmsis_os2.c.obj
 .text.osKernelInitialize
                0x0800d74c       0x4c cmake/stm32cubemx/CMakeFiles/RTOS2.dir/__/__/Middlewares/Third_Party/FreeRTOS/Source/CMSIS_RTOS_V2/cmsis_os2.c.obj
                0x0800d74c                osKernelInitialize
 .text.osKernelStart
                0x0800d798       0x54 cmake/stm32cubemx/CMakeFiles/RTOS2.dir/__/__/Middlewares/Third_Party/FreeRTOS/Source/CMSIS_RTOS_V2/cmsis_os2.c.obj
                0x0800d798                osKernelStart
 .text.osThreadNew
                0x0800d7ec      0x124 cmake/stm32cubemx/CMakeFiles/RTOS2.dir/__/__/Middlewares/Third_Party/FreeRTOS/Source/CMSIS_RTOS_V2/cmsis_os2.c.obj
                0x0800d7ec                osThreadNew
 .text.osDelay  0x0800d910       0x34 cmake/stm32cubemx/CMakeFiles/RTOS2.dir/__/__/Middlewares/Third_Party/FreeRTOS/Source/CMSIS_RTOS_V2/cmsis_os2.c.obj
                0x0800d910                osDelay
 .text.osSemaphoreNew
                0x0800d944      0x110 cmake/stm32cubemx/CMakeFiles/RTOS2.dir/__/__/Middlewares/Third_Party/FreeRTOS/Source/CMSIS_RTOS_V2/cmsis_os2.c.obj
                0x0800d944                osSemaphoreNew
 .text.osSemaphoreAcquire
                0x0800da54       0x98 cmake/stm32cubemx/CMakeFiles/RTOS2.dir/__/__/Middlewares/Third_Party/FreeRTOS/Source/CMSIS_RTOS_V2/cmsis_os2.c.obj
                0x0800da54                osSemaphoreAcquire
 .text.osSemaphoreRelease
                0x0800daec       0x7c cmake/stm32cubemx/CMakeFiles/RTOS2.dir/__/__/Middlewares/Third_Party/FreeRTOS/Source/CMSIS_RTOS_V2/cmsis_os2.c.obj
                0x0800daec                osSemaphoreRelease
 .text.vApplicationGetIdleTaskMemory
                0x0800db68       0x34 cmake/stm32cubemx/CMakeFiles/RTOS2.dir/__/__/Middlewares/Third_Party/FreeRTOS/Source/CMSIS_RTOS_V2/cmsis_os2.c.obj
                0x0800db68                vApplicationGetIdleTaskMemory
 .text.vApplicationGetTimerTaskMemory
                0x0800db9c       0x34 cmake/stm32cubemx/CMakeFiles/RTOS2.dir/__/__/Middlewares/Third_Party/FreeRTOS/Source/CMSIS_RTOS_V2/cmsis_os2.c.obj
                0x0800db9c                vApplicationGetTimerTaskMemory
 .text.main     0x0800dbd0       0x2c CMakeFiles/stm32nucleo_test.dir/Core/Src/main.c.obj
                0x0800dbd0                main
 .text.SystemClock_Config
                0x0800dbfc       0xe4 CMakeFiles/stm32nucleo_test.dir/Core/Src/main.c.obj
                0x0800dbfc                SystemClock_Config
 .text.HAL_TIM_PeriodElapsedCallback
                0x0800dce0       0x24 CMakeFiles/stm32nucleo_test.dir/Core/Src/main.c.obj
                0x0800dce0                HAL_TIM_PeriodElapsedCallback
 .text.Error_Handler
                0x0800dd04        0xc CMakeFiles/stm32nucleo_test.dir/Core/Src/main.c.obj
                0x0800dd04                Error_Handler
 .text.MX_GPIO_Init
                0x0800dd10       0x70 CMakeFiles/stm32nucleo_test.dir/Core/Src/gpio.c.obj
                0x0800dd10                MX_GPIO_Init
 .text.MX_FREERTOS_Init
                0x0800dd80       0x3c CMakeFiles/stm32nucleo_test.dir/Core/Src/app_freertos.c.obj
                0x0800dd80                MX_FREERTOS_Init
 .text.console_thread
                0x0800ddbc       0x20 CMakeFiles/stm32nucleo_test.dir/Core/Src/app_freertos.c.obj
                0x0800ddbc                console_thread
 .text.MX_ICACHE_Init
                0x0800dddc       0x26 CMakeFiles/stm32nucleo_test.dir/Core/Src/icache.c.obj
                0x0800dddc                MX_ICACHE_Init
 .text.sem_wait
                0x0800de02       0x20 CMakeFiles/stm32nucleo_test.dir/Core/Src/usart.c.obj
 .text.sem_post
                0x0800de22       0x1c CMakeFiles/stm32nucleo_test.dir/Core/Src/usart.c.obj
 *fill*         0x0800de3e        0x2 
 .text.MX_USART1_UART_Init
                0x0800de40       0x98 CMakeFiles/stm32nucleo_test.dir/Core/Src/usart.c.obj
                0x0800de40                MX_USART1_UART_Init
 .text.HAL_UART_MspInit
                0x0800ded8      0x12c CMakeFiles/stm32nucleo_test.dir/Core/Src/usart.c.obj
                0x0800ded8                HAL_UART_MspInit
 .text.__uart_recv_init
                0x0800e004       0x88 CMakeFiles/stm32nucleo_test.dir/Core/Src/usart.c.obj
                0x0800e004                __uart_recv_init
 .text.uart_init
                0x0800e08c       0x1c CMakeFiles/stm32nucleo_test.dir/Core/Src/usart.c.obj
                0x0800e08c                uart_init
 .text.uart_send
                0x0800e0a8       0xf2 CMakeFiles/stm32nucleo_test.dir/Core/Src/usart.c.obj
                0x0800e0a8                uart_send
 .text.uart_read
                0x0800e19a      0x12c CMakeFiles/stm32nucleo_test.dir/Core/Src/usart.c.obj
                0x0800e19a                uart_read
 *fill*         0x0800e2c6        0x2 
 .text.HAL_UART_RxCpltCallback
                0x0800e2c8       0x5c CMakeFiles/stm32nucleo_test.dir/Core/Src/usart.c.obj
                0x0800e2c8                HAL_UART_RxCpltCallback
 .text.HAL_UART_TxCpltCallback
                0x0800e324       0x60 CMakeFiles/stm32nucleo_test.dir/Core/Src/usart.c.obj
                0x0800e324                HAL_UART_TxCpltCallback
 .text.prints   0x0800e384       0x90 CMakeFiles/stm32nucleo_test.dir/Core/Src/usart.c.obj
                0x0800e384                prints
 .text.printu   0x0800e414       0x8c CMakeFiles/stm32nucleo_test.dir/Core/Src/usart.c.obj
                0x0800e414                printu
 .text.NMI_Handler
                0x0800e4a0        0x8 CMakeFiles/stm32nucleo_test.dir/Core/Src/stm32h5xx_it.c.obj
                0x0800e4a0                NMI_Handler
 .text.HardFault_Handler
                0x0800e4a8        0x8 CMakeFiles/stm32nucleo_test.dir/Core/Src/stm32h5xx_it.c.obj
                0x0800e4a8                HardFault_Handler
 .text.MemManage_Handler
                0x0800e4b0        0x8 CMakeFiles/stm32nucleo_test.dir/Core/Src/stm32h5xx_it.c.obj
                0x0800e4b0                MemManage_Handler
 .text.BusFault_Handler
                0x0800e4b8        0x8 CMakeFiles/stm32nucleo_test.dir/Core/Src/stm32h5xx_it.c.obj
                0x0800e4b8                BusFault_Handler
 .text.UsageFault_Handler
                0x0800e4c0        0x8 CMakeFiles/stm32nucleo_test.dir/Core/Src/stm32h5xx_it.c.obj
                0x0800e4c0                UsageFault_Handler
 .text.DebugMon_Handler
                0x0800e4c8        0xe CMakeFiles/stm32nucleo_test.dir/Core/Src/stm32h5xx_it.c.obj
                0x0800e4c8                DebugMon_Handler
 *fill*         0x0800e4d6        0x2 
 .text.TIM1_UP_IRQHandler
                0x0800e4d8       0x14 CMakeFiles/stm32nucleo_test.dir/Core/Src/stm32h5xx_it.c.obj
                0x0800e4d8                TIM1_UP_IRQHandler
 .text.USART1_IRQHandler
                0x0800e4ec       0x14 CMakeFiles/stm32nucleo_test.dir/Core/Src/stm32h5xx_it.c.obj
                0x0800e4ec                USART1_IRQHandler
 .text.HAL_MspInit
                0x0800e500       0x14 CMakeFiles/stm32nucleo_test.dir/Core/Src/stm32h5xx_hal_msp.c.obj
                0x0800e500                HAL_MspInit
 .text.HAL_InitTick
                0x0800e514       0xd8 CMakeFiles/stm32nucleo_test.dir/Core/Src/stm32h5xx_hal_timebase_tim.c.obj
                0x0800e514                HAL_InitTick
 .text._sbrk    0x0800e5ec       0x6c CMakeFiles/stm32nucleo_test.dir/Core/Src/sysmem.c.obj
                0x0800e5ec                _sbrk
 .text.Reset_Handler
                0x0800e658       0x50 CMakeFiles/stm32nucleo_test.dir/startup_stm32h563xx.s.obj
                0x0800e658                Reset_Handler
 .text.Default_Handler
                0x0800e6a8        0x2 CMakeFiles/stm32nucleo_test.dir/startup_stm32h563xx.s.obj
                0x0800e6a8                EXTI2_IRQHandler
                0x0800e6a8                TIM8_TRG_COM_IRQHandler
                0x0800e6a8                TIM8_CC_IRQHandler
                0x0800e6a8                EXTI5_IRQHandler
                0x0800e6a8                I3C1_ER_IRQHandler
                0x0800e6a8                UART8_IRQHandler
                0x0800e6a8                SPI4_IRQHandler
                0x0800e6a8                GPDMA2_Channel1_IRQHandler
                0x0800e6a8                FLASH_S_IRQHandler
                0x0800e6a8                EXTI13_IRQHandler
                0x0800e6a8                TIM1_CC_IRQHandler
                0x0800e6a8                GPDMA2_Channel3_IRQHandler
                0x0800e6a8                TAMP_IRQHandler
                0x0800e6a8                TIM6_IRQHandler
                0x0800e6a8                EXTI12_IRQHandler
                0x0800e6a8                CORDIC_IRQHandler
                0x0800e6a8                USB_DRD_FS_IRQHandler
                0x0800e6a8                EXTI3_IRQHandler
                0x0800e6a8                LPTIM4_IRQHandler
                0x0800e6a8                GPDMA1_Channel5_IRQHandler
                0x0800e6a8                EXTI8_IRQHandler
                0x0800e6a8                GPDMA2_Channel5_IRQHandler
                0x0800e6a8                LPTIM2_IRQHandler
                0x0800e6a8                I2C3_ER_IRQHandler
                0x0800e6a8                GPDMA2_Channel2_IRQHandler
                0x0800e6a8                USART10_IRQHandler
                0x0800e6a8                LPTIM3_IRQHandler
                0x0800e6a8                EXTI0_IRQHandler
                0x0800e6a8                I2C2_EV_IRQHandler
                0x0800e6a8                FPU_IRQHandler
                0x0800e6a8                GPDMA1_Channel3_IRQHandler
                0x0800e6a8                GPDMA1_Channel7_IRQHandler
                0x0800e6a8                FDCAN1_IT1_IRQHandler
                0x0800e6a8                RAMCFG_IRQHandler
                0x0800e6a8                DCACHE1_IRQHandler
                0x0800e6a8                SPI1_IRQHandler
                0x0800e6a8                OCTOSPI1_IRQHandler
                0x0800e6a8                GPDMA1_Channel2_IRQHandler
                0x0800e6a8                TIM8_UP_IRQHandler
                0x0800e6a8                RCC_S_IRQHandler
                0x0800e6a8                SAI2_IRQHandler
                0x0800e6a8                ADC1_IRQHandler
                0x0800e6a8                USART6_IRQHandler
                0x0800e6a8                EXTI15_IRQHandler
                0x0800e6a8                TIM17_IRQHandler
                0x0800e6a8                USART3_IRQHandler
                0x0800e6a8                RTC_IRQHandler
                0x0800e6a8                EXTI9_IRQHandler
                0x0800e6a8                LPTIM5_IRQHandler
                0x0800e6a8                UART5_IRQHandler
                0x0800e6a8                TIM4_IRQHandler
                0x0800e6a8                I2C1_EV_IRQHandler
                0x0800e6a8                GPDMA1_Channel1_IRQHandler
                0x0800e6a8                TIM16_IRQHandler
                0x0800e6a8                UART4_IRQHandler
                0x0800e6a8                SecureFault_Handler
                0x0800e6a8                TIM3_IRQHandler
                0x0800e6a8                RCC_IRQHandler
                0x0800e6a8                UART9_IRQHandler
                0x0800e6a8                TIM1_TRG_COM_IRQHandler
                0x0800e6a8                Default_Handler
                0x0800e6a8                FMAC_IRQHandler
                0x0800e6a8                CEC_IRQHandler
                0x0800e6a8                USART11_IRQHandler
                0x0800e6a8                TIM14_IRQHandler
                0x0800e6a8                TIM13_IRQHandler
                0x0800e6a8                GPDMA2_Channel4_IRQHandler
                0x0800e6a8                SPI5_IRQHandler
                0x0800e6a8                TIM12_IRQHandler
                0x0800e6a8                TIM7_IRQHandler
                0x0800e6a8                SDMMC1_IRQHandler
                0x0800e6a8                TIM5_IRQHandler
                0x0800e6a8                UCPD1_IRQHandler
                0x0800e6a8                GPDMA1_Channel0_IRQHandler
                0x0800e6a8                I3C1_EV_IRQHandler
                0x0800e6a8                TIM15_IRQHandler
                0x0800e6a8                PVD_AVD_IRQHandler
                0x0800e6a8                I2C3_EV_IRQHandler
                0x0800e6a8                ETH_WKUP_IRQHandler
                0x0800e6a8                ADC2_IRQHandler
                0x0800e6a8                SPI2_IRQHandler
                0x0800e6a8                EXTI14_IRQHandler
                0x0800e6a8                EXTI11_IRQHandler
                0x0800e6a8                CRS_IRQHandler
                0x0800e6a8                EXTI4_IRQHandler
                0x0800e6a8                GPDMA2_Channel0_IRQHandler
                0x0800e6a8                RTC_S_IRQHandler
                0x0800e6a8                RNG_IRQHandler
                0x0800e6a8                FDCAN2_IT1_IRQHandler
                0x0800e6a8                ETH_IRQHandler
                0x0800e6a8                GPDMA2_Channel6_IRQHandler
                0x0800e6a8                UART12_IRQHandler
                0x0800e6a8                WWDG_IRQHandler
                0x0800e6a8                SPI6_IRQHandler
                0x0800e6a8                I2C4_EV_IRQHandler
                0x0800e6a8                FDCAN2_IT0_IRQHandler
                0x0800e6a8                IWDG_IRQHandler
                0x0800e6a8                LPUART1_IRQHandler
                0x0800e6a8                FDCAN1_IT0_IRQHandler
                0x0800e6a8                TIM2_IRQHandler
                0x0800e6a8                GPDMA1_Channel4_IRQHandler
                0x0800e6a8                EXTI7_IRQHandler
                0x0800e6a8                TIM1_BRK_IRQHandler
                0x0800e6a8                EXTI1_IRQHandler
                0x0800e6a8                SDMMC2_IRQHandler
                0x0800e6a8                LPTIM6_IRQHandler
                0x0800e6a8                DAC1_IRQHandler
                0x0800e6a8                DTS_IRQHandler
                0x0800e6a8                UART7_IRQHandler
                0x0800e6a8                GTZC_IRQHandler
                0x0800e6a8                USART2_IRQHandler
                0x0800e6a8                GPDMA1_Channel6_IRQHandler
                0x0800e6a8                GPDMA2_Channel7_IRQHandler
                0x0800e6a8                I2C2_ER_IRQHandler
                0x0800e6a8                TIM8_BRK_IRQHandler
                0x0800e6a8                FLASH_IRQHandler
                0x0800e6a8                EXTI10_IRQHandler
                0x0800e6a8                SPI3_IRQHandler
                0x0800e6a8                I2C1_ER_IRQHandler
                0x0800e6a8                FMC_IRQHandler
                0x0800e6a8                EXTI6_IRQHandler
                0x0800e6a8                LPTIM1_IRQHandler
                0x0800e6a8                DCMI_PSSI_IRQHandler
                0x0800e6a8                I2C4_ER_IRQHandler
                0x0800e6a8                ICACHE_IRQHandler
                0x0800e6a8                SAI1_IRQHandler
                0x0800e6a8                HASH_IRQHandler
 .text.cli_get_arg
                0x0800e6aa       0xb2 CMakeFiles/stm32nucleo_test.dir/Core/Src/cli.c.obj
 .text.cmd_echo
                0x0800e75c       0x94 CMakeFiles/stm32nucleo_test.dir/Core/Src/cli.c.obj
 .text.cmd_clean
                0x0800e7f0       0x1c CMakeFiles/stm32nucleo_test.dir/Core/Src/cli.c.obj
 .text.cmd_help
                0x0800e80c       0x60 CMakeFiles/stm32nucleo_test.dir/Core/Src/cli.c.obj
 .text.cli_parser
                0x0800e86c      0x1c4 CMakeFiles/stm32nucleo_test.dir/Core/Src/cli.c.obj
 .text.cli_work
                0x0800ea30       0xe0 CMakeFiles/stm32nucleo_test.dir/Core/Src/cli.c.obj
                0x0800ea30                cli_work
 .text.cli_proc
                0x0800eb10       0x90 CMakeFiles/stm32nucleo_test.dir/Core/Src/cli.c.obj
                0x0800eb10                cli_proc
 .text._vsnprintf_r
                0x0800eba0       0x56 C:/ST/STM32CubeCLT_1.16.0/GNU-tools-for-STM32/bin/../lib/gcc/arm-none-eabi/12.3.1/../../../../arm-none-eabi/lib/thumb/v8-m.main+fp/hard\libg_nano.a(libc_a-vsnprintf.o)
                0x0800eba0                _vsniprintf_r
                0x0800eba0                _vsnprintf_r
 *fill*         0x0800ebf6        0x2 
 .text.vsnprintf
                0x0800ebf8       0x1c C:/ST/STM32CubeCLT_1.16.0/GNU-tools-for-STM32/bin/../lib/gcc/arm-none-eabi/12.3.1/../../../../arm-none-eabi/lib/thumb/v8-m.main+fp/hard\libg_nano.a(libc_a-vsnprintf.o)
                0x0800ebf8                vsniprintf
                0x0800ebf8                vsnprintf
 .text.memset   0x0800ec14       0x10 C:/ST/STM32CubeCLT_1.16.0/GNU-tools-for-STM32/bin/../lib/gcc/arm-none-eabi/12.3.1/../../../../arm-none-eabi/lib/thumb/v8-m.main+fp/hard\libg_nano.a(libc_a-memset.o)
                0x0800ec14                memset
 .text.strchr   0x0800ec24       0x1a C:/ST/STM32CubeCLT_1.16.0/GNU-tools-for-STM32/bin/../lib/gcc/arm-none-eabi/12.3.1/../../../../arm-none-eabi/lib/thumb/v8-m.main+fp/hard\libg_nano.a(libc_a-strchr.o)
                0x0800ec24                strchr
 .text.strncmp  0x0800ec3e       0x24 C:/ST/STM32CubeCLT_1.16.0/GNU-tools-for-STM32/bin/../lib/gcc/arm-none-eabi/12.3.1/../../../../arm-none-eabi/lib/thumb/v8-m.main+fp/hard\libg_nano.a(libc_a-strncmp.o)
                0x0800ec3e                strncmp
 *fill*         0x0800ec62        0x2 
 .text._reclaim_reent
                0x0800ec64       0xac C:/ST/STM32CubeCLT_1.16.0/GNU-tools-for-STM32/bin/../lib/gcc/arm-none-eabi/12.3.1/../../../../arm-none-eabi/lib/thumb/v8-m.main+fp/hard\libg_nano.a(libc_a-reent.o)
                0x0800ec64                _reclaim_reent
 .text.__errno  0x0800ed10        0xc C:/ST/STM32CubeCLT_1.16.0/GNU-tools-for-STM32/bin/../lib/gcc/arm-none-eabi/12.3.1/../../../../arm-none-eabi/lib/thumb/v8-m.main+fp/hard\libg_nano.a(libc_a-errno.o)
                0x0800ed10                __errno
 .text.__libc_init_array
                0x0800ed1c       0x48 C:/ST/STM32CubeCLT_1.16.0/GNU-tools-for-STM32/bin/../lib/gcc/arm-none-eabi/12.3.1/../../../../arm-none-eabi/lib/thumb/v8-m.main+fp/hard\libg_nano.a(libc_a-init.o)
                0x0800ed1c                __libc_init_array
 .text.__retarget_lock_acquire_recursive
                0x0800ed64        0x2 C:/ST/STM32CubeCLT_1.16.0/GNU-tools-for-STM32/bin/../lib/gcc/arm-none-eabi/12.3.1/../../../../arm-none-eabi/lib/thumb/v8-m.main+fp/hard\libg_nano.a(libc_a-lock.o)
                0x0800ed64                __retarget_lock_acquire_recursive
 .text.__retarget_lock_release_recursive
                0x0800ed66        0x2 C:/ST/STM32CubeCLT_1.16.0/GNU-tools-for-STM32/bin/../lib/gcc/arm-none-eabi/12.3.1/../../../../arm-none-eabi/lib/thumb/v8-m.main+fp/hard\libg_nano.a(libc_a-lock.o)
                0x0800ed66                __retarget_lock_release_recursive
 .text.strcpy   0x0800ed68       0x10 C:/ST/STM32CubeCLT_1.16.0/GNU-tools-for-STM32/bin/../lib/gcc/arm-none-eabi/12.3.1/../../../../arm-none-eabi/lib/thumb/v8-m.main+fp/hard\libg_nano.a(libc_a-strcpy.o)
                0x0800ed68                strcpy
 .text.memcpy   0x0800ed78       0x1a C:/ST/STM32CubeCLT_1.16.0/GNU-tools-for-STM32/bin/../lib/gcc/arm-none-eabi/12.3.1/../../../../arm-none-eabi/lib/thumb/v8-m.main+fp/hard\libg_nano.a(libc_a-memcpy-stub.o)
                0x0800ed78                memcpy
 *fill*         0x0800ed92        0x2 
 .text._free_r  0x0800ed94       0x94 C:/ST/STM32CubeCLT_1.16.0/GNU-tools-for-STM32/bin/../lib/gcc/arm-none-eabi/12.3.1/../../../../arm-none-eabi/lib/thumb/v8-m.main+fp/hard\libg_nano.a(libc_a-freer.o)
                0x0800ed94                _free_r
 .text.sbrk_aligned
                0x0800ee28       0x44 C:/ST/STM32CubeCLT_1.16.0/GNU-tools-for-STM32/bin/../lib/gcc/arm-none-eabi/12.3.1/../../../../arm-none-eabi/lib/thumb/v8-m.main+fp/hard\libg_nano.a(libc_a-mallocr.o)
 .text._malloc_r
                0x0800ee6c      0x100 C:/ST/STM32CubeCLT_1.16.0/GNU-tools-for-STM32/bin/../lib/gcc/arm-none-eabi/12.3.1/../../../../arm-none-eabi/lib/thumb/v8-m.main+fp/hard\libg_nano.a(libc_a-mallocr.o)
                0x0800ee6c                _malloc_r
 .text.__malloc_lock
                0x0800ef6c        0xc C:/ST/STM32CubeCLT_1.16.0/GNU-tools-for-STM32/bin/../lib/gcc/arm-none-eabi/12.3.1/../../../../arm-none-eabi/lib/thumb/v8-m.main+fp/hard\libg_nano.a(libc_a-mlock.o)
                0x0800ef6c                __malloc_lock
 .text.__malloc_unlock
                0x0800ef78        0xc C:/ST/STM32CubeCLT_1.16.0/GNU-tools-for-STM32/bin/../lib/gcc/arm-none-eabi/12.3.1/../../../../arm-none-eabi/lib/thumb/v8-m.main+fp/hard\libg_nano.a(libc_a-mlock.o)
                0x0800ef78                __malloc_unlock
 .text.__ssputs_r
                0x0800ef84       0xb6 C:/ST/STM32CubeCLT_1.16.0/GNU-tools-for-STM32/bin/../lib/gcc/arm-none-eabi/12.3.1/../../../../arm-none-eabi/lib/thumb/v8-m.main+fp/hard\libg_nano.a(libc_a-nano-svfprintf.o)
                0x0800ef84                __ssputs_r
 *fill*         0x0800f03a        0x2 
 .text._svfprintf_r
                0x0800f03c      0x1f8 C:/ST/STM32CubeCLT_1.16.0/GNU-tools-for-STM32/bin/../lib/gcc/arm-none-eabi/12.3.1/../../../../arm-none-eabi/lib/thumb/v8-m.main+fp/hard\libg_nano.a(libc_a-nano-svfprintf.o)
                0x0800f03c                _svfiprintf_r
                0x0800f03c                _svfprintf_r
 .text._printf_common
                0x0800f234       0xe4 C:/ST/STM32CubeCLT_1.16.0/GNU-tools-for-STM32/bin/../lib/gcc/arm-none-eabi/12.3.1/../../../../arm-none-eabi/lib/thumb/v8-m.main+fp/hard\libg_nano.a(libc_a-nano-vfprintf_i.o)
                0x0800f234                _printf_common
 .text._printf_i
                0x0800f318      0x240 C:/ST/STM32CubeCLT_1.16.0/GNU-tools-for-STM32/bin/../lib/gcc/arm-none-eabi/12.3.1/../../../../arm-none-eabi/lib/thumb/v8-m.main+fp/hard\libg_nano.a(libc_a-nano-vfprintf_i.o)
                0x0800f318                _printf_i
 .text.memmove  0x0800f558       0x34 C:/ST/STM32CubeCLT_1.16.0/GNU-tools-for-STM32/bin/../lib/gcc/arm-none-eabi/12.3.1/../../../../arm-none-eabi/lib/thumb/v8-m.main+fp/hard\libg_nano.a(libc_a-memmove.o)
                0x0800f558                memmove
 .text._sbrk_r  0x0800f58c       0x20 C:/ST/STM32CubeCLT_1.16.0/GNU-tools-for-STM32/bin/../lib/gcc/arm-none-eabi/12.3.1/../../../../arm-none-eabi/lib/thumb/v8-m.main+fp/hard\libg_nano.a(libc_a-sbrkr.o)
                0x0800f58c                _sbrk_r
 .text.memchr   0x0800f5ac       0x1c C:/ST/STM32CubeCLT_1.16.0/GNU-tools-for-STM32/bin/../lib/gcc/arm-none-eabi/12.3.1/../../../../arm-none-eabi/lib/thumb/v8-m.main+fp/hard\libg_nano.a(libc_a-memchr-stub.o)
                0x0800f5ac                memchr
 .text._realloc_r
                0x0800f5c8       0x5c C:/ST/STM32CubeCLT_1.16.0/GNU-tools-for-STM32/bin/../lib/gcc/arm-none-eabi/12.3.1/../../../../arm-none-eabi/lib/thumb/v8-m.main+fp/hard\libg_nano.a(libc_a-reallocr.o)
                0x0800f5c8                _realloc_r
 .text._malloc_usable_size_r
                0x0800f624       0x10 C:/ST/STM32CubeCLT_1.16.0/GNU-tools-for-STM32/bin/../lib/gcc/arm-none-eabi/12.3.1/../../../../arm-none-eabi/lib/thumb/v8-m.main+fp/hard\libg_nano.a(libc_a-msizer.o)
                0x0800f624                _malloc_usable_size_r
 *(.glue_7)
 .glue_7        0x0800f634        0x0 linker stubs
 *(.glue_7t)
 .glue_7t       0x0800f634        0x0 linker stubs
 *(.eh_frame)
 .eh_frame      0x0800f634        0x0 C:/ST/STM32CubeCLT_1.16.0/GNU-tools-for-STM32/bin/../lib/gcc/arm-none-eabi/12.3.1/thumb/v8-m.main+fp/hard/crtbegin.o
 *(.init)
 .init          0x0800f634        0x4 C:/ST/STM32CubeCLT_1.16.0/GNU-tools-for-STM32/bin/../lib/gcc/arm-none-eabi/12.3.1/thumb/v8-m.main+fp/hard/crti.o
                0x0800f634                _init
 .init          0x0800f638        0x8 C:/ST/STM32CubeCLT_1.16.0/GNU-tools-for-STM32/bin/../lib/gcc/arm-none-eabi/12.3.1/thumb/v8-m.main+fp/hard/crtn.o
 *(.fini)
 .fini          0x0800f640        0x4 C:/ST/STM32CubeCLT_1.16.0/GNU-tools-for-STM32/bin/../lib/gcc/arm-none-eabi/12.3.1/thumb/v8-m.main+fp/hard/crti.o
                0x0800f640                _fini
 .fini          0x0800f644        0x8 C:/ST/STM32CubeCLT_1.16.0/GNU-tools-for-STM32/bin/../lib/gcc/arm-none-eabi/12.3.1/thumb/v8-m.main+fp/hard/crtn.o
                0x0800f64c                        . = ALIGN (0x4)
                0x0800f64c                        _etext = .

.vfp11_veneer   0x0800f64c        0x0
 .vfp11_veneer  0x0800f64c        0x0 linker stubs

.v4_bx          0x0800f64c        0x0
 .v4_bx         0x0800f64c        0x0 linker stubs

.iplt           0x0800f64c        0x0
 .iplt          0x0800f64c        0x0 C:/ST/STM32CubeCLT_1.16.0/GNU-tools-for-STM32/bin/../lib/gcc/arm-none-eabi/12.3.1/thumb/v8-m.main+fp/hard/crtbegin.o

.rodata         0x0800f64c      0x368
                0x0800f64c                        . = ALIGN (0x4)
 *(.rodata)
 .rodata        0x0800f64c        0x5 cmake/stm32cubemx/CMakeFiles/RTOS2.dir/__/__/Middlewares/Third_Party/FreeRTOS/Source/tasks.c.obj
 *fill*         0x0800f651        0x3 
 .rodata        0x0800f654        0xd cmake/stm32cubemx/CMakeFiles/RTOS2.dir/__/__/Middlewares/Third_Party/FreeRTOS/Source/timers.c.obj
 *fill*         0x0800f661        0x3 
 .rodata        0x0800f664       0x20 CMakeFiles/stm32nucleo_test.dir/Core/Src/app_freertos.c.obj
 .rodata        0x0800f684       0xa6 CMakeFiles/stm32nucleo_test.dir/Core/Src/usart.c.obj
 *fill*         0x0800f72a        0x2 
 .rodata        0x0800f72c      0x1cc CMakeFiles/stm32nucleo_test.dir/Core/Src/cli.c.obj
 *(.rodata*)
 .rodata.AHBPrescTable
                0x0800f8f8       0x10 cmake/stm32cubemx/CMakeFiles/STM32_Drivers.dir/__/__/Core/Src/system_stm32h5xx.c.obj
                0x0800f8f8                AHBPrescTable
 .rodata.APBPrescTable
                0x0800f908        0x8 cmake/stm32cubemx/CMakeFiles/STM32_Drivers.dir/__/__/Core/Src/system_stm32h5xx.c.obj
                0x0800f908                APBPrescTable
 .rodata.UARTPrescTable
                0x0800f910       0x18 cmake/stm32cubemx/CMakeFiles/STM32_Drivers.dir/__/__/Drivers/STM32H5xx_HAL_Driver/Src/stm32h5xx_hal_uart.c.obj
                0x0800f910                UARTPrescTable
 .rodata.numerator.1
                0x0800f928        0x8 cmake/stm32cubemx/CMakeFiles/STM32_Drivers.dir/__/__/Drivers/STM32H5xx_HAL_Driver/Src/stm32h5xx_hal_uart_ex.c.obj
 .rodata.denominator.0
                0x0800f930        0x8 cmake/stm32cubemx/CMakeFiles/STM32_Drivers.dir/__/__/Drivers/STM32H5xx_HAL_Driver/Src/stm32h5xx_hal_uart_ex.c.obj
 .rodata.console_thread_attributes
                0x0800f938       0x24 CMakeFiles/stm32nucleo_test.dir/Core/Src/app_freertos.c.obj
                0x0800f938                console_thread_attributes
 .rodata.uart1_sem_attributes
                0x0800f95c       0x10 CMakeFiles/stm32nucleo_test.dir/Core/Src/app_freertos.c.obj
                0x0800f95c                uart1_sem_attributes
 .rodata.__FUNCTION__.3
                0x0800f96c        0xb CMakeFiles/stm32nucleo_test.dir/Core/Src/cli.c.obj
 *fill*         0x0800f977        0x1 
 .rodata.__FUNCTION__.0
                0x0800f978        0x9 CMakeFiles/stm32nucleo_test.dir/Core/Src/cli.c.obj
 .rodata._svfprintf_r.str1.1
                0x0800f981       0x11 C:/ST/STM32CubeCLT_1.16.0/GNU-tools-for-STM32/bin/../lib/gcc/arm-none-eabi/12.3.1/../../../../arm-none-eabi/lib/thumb/v8-m.main+fp/hard\libg_nano.a(libc_a-nano-svfprintf.o)
 .rodata._printf_i.str1.1
                0x0800f992       0x22 C:/ST/STM32CubeCLT_1.16.0/GNU-tools-for-STM32/bin/../lib/gcc/arm-none-eabi/12.3.1/../../../../arm-none-eabi/lib/thumb/v8-m.main+fp/hard\libg_nano.a(libc_a-nano-vfprintf_i.o)
                0x0800f9b4                        . = ALIGN (0x4)

.ARM.extab      0x0800f9b4        0x0
                0x0800f9b4                        . = ALIGN (0x4)
 *(.ARM.extab* .gnu.linkonce.armextab.*)
                0x0800f9b4                        . = ALIGN (0x4)

.ARM            0x0800f9b4        0x8
                0x0800f9b4                        . = ALIGN (0x4)
                0x0800f9b4                        __exidx_start = .
 *(.ARM.exidx*)
 .ARM.exidx     0x0800f9b4        0x8 C:/ST/STM32CubeCLT_1.16.0/GNU-tools-for-STM32/bin/../lib/gcc/arm-none-eabi/12.3.1/thumb/v8-m.main+fp/hard\libgcc.a(_udivmoddi4.o)
 .ARM.exidx     0x0800f9bc        0x0 C:/ST/STM32CubeCLT_1.16.0/GNU-tools-for-STM32/bin/../lib/gcc/arm-none-eabi/12.3.1/../../../../arm-none-eabi/lib/thumb/v8-m.main+fp/hard\libg_nano.a(libc_a-strlen.o)
                                  0x8 (size before relaxing)
                0x0800f9bc                        __exidx_end = .
                0x0800f9bc                        . = ALIGN (0x4)

.preinit_array  0x0800f9bc        0x0
                0x0800f9bc                        . = ALIGN (0x4)
                0x0800f9bc                        PROVIDE (__preinit_array_start = .)
 *(.preinit_array*)
                0x0800f9bc                        PROVIDE (__preinit_array_end = .)
                0x0800f9bc                        . = ALIGN (0x4)

.init_array     0x0800f9bc        0x4
                0x0800f9bc                        . = ALIGN (0x4)
                0x0800f9bc                        PROVIDE (__init_array_start = .)
 *(SORT_BY_NAME(.init_array.*))
 *(.init_array*)
 .init_array    0x0800f9bc        0x4 C:/ST/STM32CubeCLT_1.16.0/GNU-tools-for-STM32/bin/../lib/gcc/arm-none-eabi/12.3.1/thumb/v8-m.main+fp/hard/crtbegin.o
                0x0800f9c0                        PROVIDE (__init_array_end = .)
                0x0800f9c0                        . = ALIGN (0x4)

.fini_array     0x0800f9c0        0x4
                0x0800f9c0                        . = ALIGN (0x4)
                [!provide]                        PROVIDE (__fini_array_start = .)
 *(SORT_BY_NAME(.fini_array.*))
 *(.fini_array*)
 .fini_array    0x0800f9c0        0x4 C:/ST/STM32CubeCLT_1.16.0/GNU-tools-for-STM32/bin/../lib/gcc/arm-none-eabi/12.3.1/thumb/v8-m.main+fp/hard/crtbegin.o
                [!provide]                        PROVIDE (__fini_array_end = .)
                0x0800f9c4                        . = ALIGN (0x4)
                0x0800f9c4                        _sidata = LOADADDR (.data)

.rel.dyn        0x0800f9c4        0x0
 .rel.iplt      0x0800f9c4        0x0 C:/ST/STM32CubeCLT_1.16.0/GNU-tools-for-STM32/bin/../lib/gcc/arm-none-eabi/12.3.1/thumb/v8-m.main+fp/hard/crtbegin.o

.data           0x20000000      0x368 load address 0x0800f9c4
                0x20000000                        . = ALIGN (0x4)
                0x20000000                        _sdata = .
 *(.data)
 *(.data*)
 .data.SystemCoreClock
                0x20000000        0x4 cmake/stm32cubemx/CMakeFiles/STM32_Drivers.dir/__/__/Core/Src/system_stm32h5xx.c.obj
                0x20000000                SystemCoreClock
 .data.uwTickPrio
                0x20000004        0x4 cmake/stm32cubemx/CMakeFiles/STM32_Drivers.dir/__/__/Drivers/STM32H5xx_HAL_Driver/Src/stm32h5xx_hal.c.obj
                0x20000004                uwTickPrio
 .data.uwTickFreq
                0x20000008        0x1 cmake/stm32cubemx/CMakeFiles/STM32_Drivers.dir/__/__/Drivers/STM32H5xx_HAL_Driver/Src/stm32h5xx_hal.c.obj
                0x20000008                uwTickFreq
 *fill*         0x20000009        0x3 
 .data.uxTopUsedPriority
                0x2000000c        0x4 cmake/stm32cubemx/CMakeFiles/RTOS2.dir/__/__/Middlewares/Third_Party/FreeRTOS/Source/tasks.c.obj
                0x2000000c                uxTopUsedPriority
 .data.ulCriticalNesting
                0x20000010        0x4 cmake/stm32cubemx/CMakeFiles/RTOS2.dir/__/__/Middlewares/Third_Party/FreeRTOS/Source/portable/GCC/ARM_CM33_NTZ/non_secure/port.c.obj
 .data.uart     0x20000014      0x214 CMakeFiles/stm32nucleo_test.dir/Core/Src/usart.c.obj
                0x20000014                uart
 .data.cli_cmd  0x20000228       0xf0 CMakeFiles/stm32nucleo_test.dir/Core/Src/cli.c.obj
                0x20000228                cli_cmd
 .data._impure_ptr
                0x20000318        0x4 C:/ST/STM32CubeCLT_1.16.0/GNU-tools-for-STM32/bin/../lib/gcc/arm-none-eabi/12.3.1/../../../../arm-none-eabi/lib/thumb/v8-m.main+fp/hard\libg_nano.a(libc_a-impure.o)
                0x20000318                _impure_ptr
 .data._impure_data
                0x2000031c       0x4c C:/ST/STM32CubeCLT_1.16.0/GNU-tools-for-STM32/bin/../lib/gcc/arm-none-eabi/12.3.1/../../../../arm-none-eabi/lib/thumb/v8-m.main+fp/hard\libg_nano.a(libc_a-impure.o)
                0x2000031c                _impure_data
 *(.RamFunc)
 *(.RamFunc*)
                0x20000368                        . = ALIGN (0x4)

.igot.plt       0x20000368        0x0 load address 0x0800fd2c
 .igot.plt      0x20000368        0x0 C:/ST/STM32CubeCLT_1.16.0/GNU-tools-for-STM32/bin/../lib/gcc/arm-none-eabi/12.3.1/thumb/v8-m.main+fp/hard/crtbegin.o

.tdata          0x20000368        0x0 load address 0x0800fd2c
 *(.tdata .tdata.* .gnu.linkonce.td.*)
                0x20000368                        . = ALIGN (0x4)
                0x20000368                        _edata = .
                [!provide]                        PROVIDE (__data_end = .)
                [!provide]                        PROVIDE (__tdata_end = .)
                [!provide]                        PROVIDE (__tdata_start = ADDR (.tdata))
                [!provide]                        PROVIDE (__tdata_size = (__tdata_end - __tdata_start))
                [!provide]                        PROVIDE (__data_start = ADDR (.data))
                [!provide]                        PROVIDE (__data_size = (__data_end - __data_start))
                [!provide]                        PROVIDE (__tdata_source = LOADADDR (.tdata))
                [!provide]                        PROVIDE (__tdata_source_end = (LOADADDR (.tdata) + SIZEOF (.tdata)))
                [!provide]                        PROVIDE (__tdata_source_size = (__tdata_source_end - __tdata_source))
                [!provide]                        PROVIDE (__data_source = LOADADDR (.data))
                [!provide]                        PROVIDE (__data_source_end = __tdata_source_end)
                [!provide]                        PROVIDE (__data_source_size = (__data_source_end - __data_source))

.tbss           0x20000368        0x0 load address 0x0800fd2c
                0x20000368                        _sbss = .
                0x20000368                        __bss_start__ = _sbss
 *(.tbss .tbss.*)
                0x20000368                        . = ALIGN (0x4)
                [!provide]                        PROVIDE (__tbss_end = .)
                [!provide]                        PROVIDE (__tbss_start = ADDR (.tbss))
                [!provide]                        PROVIDE (__tbss_size = (__tbss_end - __tbss_start))
                [!provide]                        PROVIDE (__tbss_offset = (ADDR (.tbss) - ADDR (.tdata)))
                [!provide]                        PROVIDE (__tls_base = __tdata_start)
                [!provide]                        PROVIDE (__tls_end = __tbss_end)
                [!provide]                        PROVIDE (__tls_size = (__tls_end - __tls_base))
                [!provide]                        PROVIDE (__tls_align = MAX (ALIGNOF (.tdata), ALIGNOF (.tbss)))
                [!provide]                        PROVIDE (__tls_size_align = (((__tls_size + __tls_align) - 0x1) & ~ ((__tls_align - 0x1))))
                [!provide]                        PROVIDE (__arm32_tls_tcb_offset = MAX (0x8, __tls_align))
                [!provide]                        PROVIDE (__arm64_tls_tcb_offset = MAX (0x10, __tls_align))

.bss            0x20000368     0x43c4 load address 0x0800fd2c
 *(.bss)
 .bss           0x20000368       0x1c C:/ST/STM32CubeCLT_1.16.0/GNU-tools-for-STM32/bin/../lib/gcc/arm-none-eabi/12.3.1/thumb/v8-m.main+fp/hard/crtbegin.o
 *(.bss*)
 .bss.uwTick    0x20000384        0x4 cmake/stm32cubemx/CMakeFiles/STM32_Drivers.dir/__/__/Drivers/STM32H5xx_HAL_Driver/Src/stm32h5xx_hal.c.obj
                0x20000384                uwTick
 .bss.ucHeap    0x20000388     0x2000 cmake/stm32cubemx/CMakeFiles/RTOS2.dir/__/__/Middlewares/Third_Party/FreeRTOS/Source/portable/MemMang/heap_4.c.obj
 .bss.xStart    0x20002388        0x8 cmake/stm32cubemx/CMakeFiles/RTOS2.dir/__/__/Middlewares/Third_Party/FreeRTOS/Source/portable/MemMang/heap_4.c.obj
 .bss.pxEnd     0x20002390        0x4 cmake/stm32cubemx/CMakeFiles/RTOS2.dir/__/__/Middlewares/Third_Party/FreeRTOS/Source/portable/MemMang/heap_4.c.obj
 .bss.xFreeBytesRemaining
                0x20002394        0x4 cmake/stm32cubemx/CMakeFiles/RTOS2.dir/__/__/Middlewares/Third_Party/FreeRTOS/Source/portable/MemMang/heap_4.c.obj
 .bss.xMinimumEverFreeBytesRemaining
                0x20002398        0x4 cmake/stm32cubemx/CMakeFiles/RTOS2.dir/__/__/Middlewares/Third_Party/FreeRTOS/Source/portable/MemMang/heap_4.c.obj
 .bss.xNumberOfSuccessfulAllocations
                0x2000239c        0x4 cmake/stm32cubemx/CMakeFiles/RTOS2.dir/__/__/Middlewares/Third_Party/FreeRTOS/Source/portable/MemMang/heap_4.c.obj
 .bss.xNumberOfSuccessfulFrees
                0x200023a0        0x4 cmake/stm32cubemx/CMakeFiles/RTOS2.dir/__/__/Middlewares/Third_Party/FreeRTOS/Source/portable/MemMang/heap_4.c.obj
 .bss.xQueueRegistry
                0x200023a4       0x40 cmake/stm32cubemx/CMakeFiles/RTOS2.dir/__/__/Middlewares/Third_Party/FreeRTOS/Source/queue.c.obj
                0x200023a4                xQueueRegistry
 .bss.pxCurrentTCB
                0x200023e4        0x4 cmake/stm32cubemx/CMakeFiles/RTOS2.dir/__/__/Middlewares/Third_Party/FreeRTOS/Source/tasks.c.obj
                0x200023e4                pxCurrentTCB
 .bss.pxReadyTasksLists
                0x200023e8      0x460 cmake/stm32cubemx/CMakeFiles/RTOS2.dir/__/__/Middlewares/Third_Party/FreeRTOS/Source/tasks.c.obj
 .bss.xDelayedTaskList1
                0x20002848       0x14 cmake/stm32cubemx/CMakeFiles/RTOS2.dir/__/__/Middlewares/Third_Party/FreeRTOS/Source/tasks.c.obj
 .bss.xDelayedTaskList2
                0x2000285c       0x14 cmake/stm32cubemx/CMakeFiles/RTOS2.dir/__/__/Middlewares/Third_Party/FreeRTOS/Source/tasks.c.obj
 .bss.pxDelayedTaskList
                0x20002870        0x4 cmake/stm32cubemx/CMakeFiles/RTOS2.dir/__/__/Middlewares/Third_Party/FreeRTOS/Source/tasks.c.obj
 .bss.pxOverflowDelayedTaskList
                0x20002874        0x4 cmake/stm32cubemx/CMakeFiles/RTOS2.dir/__/__/Middlewares/Third_Party/FreeRTOS/Source/tasks.c.obj
 .bss.xPendingReadyList
                0x20002878       0x14 cmake/stm32cubemx/CMakeFiles/RTOS2.dir/__/__/Middlewares/Third_Party/FreeRTOS/Source/tasks.c.obj
 .bss.xTasksWaitingTermination
                0x2000288c       0x14 cmake/stm32cubemx/CMakeFiles/RTOS2.dir/__/__/Middlewares/Third_Party/FreeRTOS/Source/tasks.c.obj
 .bss.uxDeletedTasksWaitingCleanUp
                0x200028a0        0x4 cmake/stm32cubemx/CMakeFiles/RTOS2.dir/__/__/Middlewares/Third_Party/FreeRTOS/Source/tasks.c.obj
 .bss.xSuspendedTaskList
                0x200028a4       0x14 cmake/stm32cubemx/CMakeFiles/RTOS2.dir/__/__/Middlewares/Third_Party/FreeRTOS/Source/tasks.c.obj
 .bss.uxCurrentNumberOfTasks
                0x200028b8        0x4 cmake/stm32cubemx/CMakeFiles/RTOS2.dir/__/__/Middlewares/Third_Party/FreeRTOS/Source/tasks.c.obj
 .bss.xTickCount
                0x200028bc        0x4 cmake/stm32cubemx/CMakeFiles/RTOS2.dir/__/__/Middlewares/Third_Party/FreeRTOS/Source/tasks.c.obj
 .bss.uxTopReadyPriority
                0x200028c0        0x4 cmake/stm32cubemx/CMakeFiles/RTOS2.dir/__/__/Middlewares/Third_Party/FreeRTOS/Source/tasks.c.obj
 .bss.xSchedulerRunning
                0x200028c4        0x4 cmake/stm32cubemx/CMakeFiles/RTOS2.dir/__/__/Middlewares/Third_Party/FreeRTOS/Source/tasks.c.obj
 .bss.xPendedTicks
                0x200028c8        0x4 cmake/stm32cubemx/CMakeFiles/RTOS2.dir/__/__/Middlewares/Third_Party/FreeRTOS/Source/tasks.c.obj
 .bss.xYieldPending
                0x200028cc        0x4 cmake/stm32cubemx/CMakeFiles/RTOS2.dir/__/__/Middlewares/Third_Party/FreeRTOS/Source/tasks.c.obj
 .bss.xNumOfOverflows
                0x200028d0        0x4 cmake/stm32cubemx/CMakeFiles/RTOS2.dir/__/__/Middlewares/Third_Party/FreeRTOS/Source/tasks.c.obj
 .bss.uxTaskNumber
                0x200028d4        0x4 cmake/stm32cubemx/CMakeFiles/RTOS2.dir/__/__/Middlewares/Third_Party/FreeRTOS/Source/tasks.c.obj
 .bss.xNextTaskUnblockTime
                0x200028d8        0x4 cmake/stm32cubemx/CMakeFiles/RTOS2.dir/__/__/Middlewares/Third_Party/FreeRTOS/Source/tasks.c.obj
 .bss.xIdleTaskHandle
                0x200028dc        0x4 cmake/stm32cubemx/CMakeFiles/RTOS2.dir/__/__/Middlewares/Third_Party/FreeRTOS/Source/tasks.c.obj
 .bss.uxSchedulerSuspended
                0x200028e0        0x4 cmake/stm32cubemx/CMakeFiles/RTOS2.dir/__/__/Middlewares/Third_Party/FreeRTOS/Source/tasks.c.obj
 .bss.xActiveTimerList1
                0x200028e4       0x14 cmake/stm32cubemx/CMakeFiles/RTOS2.dir/__/__/Middlewares/Third_Party/FreeRTOS/Source/timers.c.obj
 .bss.xActiveTimerList2
                0x200028f8       0x14 cmake/stm32cubemx/CMakeFiles/RTOS2.dir/__/__/Middlewares/Third_Party/FreeRTOS/Source/timers.c.obj
 .bss.pxCurrentTimerList
                0x2000290c        0x4 cmake/stm32cubemx/CMakeFiles/RTOS2.dir/__/__/Middlewares/Third_Party/FreeRTOS/Source/timers.c.obj
 .bss.pxOverflowTimerList
                0x20002910        0x4 cmake/stm32cubemx/CMakeFiles/RTOS2.dir/__/__/Middlewares/Third_Party/FreeRTOS/Source/timers.c.obj
 .bss.xTimerQueue
                0x20002914        0x4 cmake/stm32cubemx/CMakeFiles/RTOS2.dir/__/__/Middlewares/Third_Party/FreeRTOS/Source/timers.c.obj
 .bss.xTimerTaskHandle
                0x20002918        0x4 cmake/stm32cubemx/CMakeFiles/RTOS2.dir/__/__/Middlewares/Third_Party/FreeRTOS/Source/timers.c.obj
 .bss.xLastTime.2
                0x2000291c        0x4 cmake/stm32cubemx/CMakeFiles/RTOS2.dir/__/__/Middlewares/Third_Party/FreeRTOS/Source/timers.c.obj
 .bss.ucStaticTimerQueueStorage.1
                0x20002920       0xa0 cmake/stm32cubemx/CMakeFiles/RTOS2.dir/__/__/Middlewares/Third_Party/FreeRTOS/Source/timers.c.obj
 .bss.xStaticTimerQueue.0
                0x200029c0       0x50 cmake/stm32cubemx/CMakeFiles/RTOS2.dir/__/__/Middlewares/Third_Party/FreeRTOS/Source/timers.c.obj
 .bss.ucMaxSysCallPriority
                0x20002a10        0x1 cmake/stm32cubemx/CMakeFiles/RTOS2.dir/__/__/Middlewares/Third_Party/FreeRTOS/Source/portable/GCC/ARM_CM33_NTZ/non_secure/port.c.obj
 *fill*         0x20002a11        0x3 
 .bss.ulMaxPRIGROUPValue
                0x20002a14        0x4 cmake/stm32cubemx/CMakeFiles/RTOS2.dir/__/__/Middlewares/Third_Party/FreeRTOS/Source/portable/GCC/ARM_CM33_NTZ/non_secure/port.c.obj
 .bss.KernelState
                0x20002a18        0x4 cmake/stm32cubemx/CMakeFiles/RTOS2.dir/__/__/Middlewares/Third_Party/FreeRTOS/Source/CMSIS_RTOS_V2/cmsis_os2.c.obj
 *fill*         0x20002a1c        0x4 
 .bss.Idle_TCB.3
                0x20002a20      0x180 cmake/stm32cubemx/CMakeFiles/RTOS2.dir/__/__/Middlewares/Third_Party/FreeRTOS/Source/CMSIS_RTOS_V2/cmsis_os2.c.obj
 .bss.Idle_Stack.2
                0x20002ba0      0x200 cmake/stm32cubemx/CMakeFiles/RTOS2.dir/__/__/Middlewares/Third_Party/FreeRTOS/Source/CMSIS_RTOS_V2/cmsis_os2.c.obj
 .bss.Timer_TCB.1
                0x20002da0      0x180 cmake/stm32cubemx/CMakeFiles/RTOS2.dir/__/__/Middlewares/Third_Party/FreeRTOS/Source/CMSIS_RTOS_V2/cmsis_os2.c.obj
 .bss.Timer_Stack.0
                0x20002f20      0x200 cmake/stm32cubemx/CMakeFiles/RTOS2.dir/__/__/Middlewares/Third_Party/FreeRTOS/Source/CMSIS_RTOS_V2/cmsis_os2.c.obj
 .bss.console_threadHandle
                0x20003120        0x4 CMakeFiles/stm32nucleo_test.dir/Core/Src/app_freertos.c.obj
                0x20003120                console_threadHandle
 .bss.MyBufferTask01
                0x20003124     0x1000 CMakeFiles/stm32nucleo_test.dir/Core/Src/app_freertos.c.obj
                0x20003124                MyBufferTask01
 *fill*         0x20004124        0x4 
 .bss.MycontrolBlocTask01
                0x20004128      0x180 CMakeFiles/stm32nucleo_test.dir/Core/Src/app_freertos.c.obj
                0x20004128                MycontrolBlocTask01
 .bss.uart1_semHandle
                0x200042a8        0x4 CMakeFiles/stm32nucleo_test.dir/Core/Src/app_freertos.c.obj
                0x200042a8                uart1_semHandle
 .bss.uart1_sem_blk
                0x200042ac       0x50 CMakeFiles/stm32nucleo_test.dir/Core/Src/app_freertos.c.obj
                0x200042ac                uart1_sem_blk
 .bss.huart1    0x200042fc       0x94 CMakeFiles/stm32nucleo_test.dir/Core/Src/usart.c.obj
                0x200042fc                huart1
 .bss.htim1     0x20004390       0x4c CMakeFiles/stm32nucleo_test.dir/Core/Src/stm32h5xx_hal_timebase_tim.c.obj
                0x20004390                htim1
 .bss.__sbrk_heap_end
                0x200043dc        0x4 CMakeFiles/stm32nucleo_test.dir/Core/Src/sysmem.c.obj
 .bss.cli_rx.2  0x200043e0      0x200 CMakeFiles/stm32nucleo_test.dir/Core/Src/cli.c.obj
 .bss.cli_rx_cnt.1
                0x200045e0        0x4 CMakeFiles/stm32nucleo_test.dir/Core/Src/cli.c.obj
 .bss.__sf      0x200045e4      0x138 C:/ST/STM32CubeCLT_1.16.0/GNU-tools-for-STM32/bin/../lib/gcc/arm-none-eabi/12.3.1/../../../../arm-none-eabi/lib/thumb/v8-m.main+fp/hard\libg_nano.a(libc_a-findfp.o)
                0x200045e4                __sf
 .bss.errno     0x2000471c        0x4 C:/ST/STM32CubeCLT_1.16.0/GNU-tools-for-STM32/bin/../lib/gcc/arm-none-eabi/12.3.1/../../../../arm-none-eabi/lib/thumb/v8-m.main+fp/hard\libg_nano.a(libc_a-reent.o)
                0x2000471c                errno
 .bss.__lock___malloc_recursive_mutex
                0x20004720        0x1 C:/ST/STM32CubeCLT_1.16.0/GNU-tools-for-STM32/bin/../lib/gcc/arm-none-eabi/12.3.1/../../../../arm-none-eabi/lib/thumb/v8-m.main+fp/hard\libg_nano.a(libc_a-lock.o)
                0x20004720                __lock___malloc_recursive_mutex
 *fill*         0x20004721        0x3 